Archive member included to satisfy reference by file (symbol)

app/libapp.a(main.c.obj)      (--whole-archive)
app/libapp.a(serial_handler.c.obj)
                              (--whole-archive)
app/libapp.a(motor.c.obj)     (--whole-archive)
app/libapp.a(pid.c.obj)       (--whole-archive)
zephyr/libzephyr.a(heap.c.obj)
                              (--whole-archive)
zephyr/libzephyr.a(cbprintf_packaged.c.obj)
                              (--whole-archive)
zephyr/libzephyr.a(printk.c.obj)
                              (--whole-archive)
zephyr/libzephyr.a(sem.c.obj)
                              (--whole-archive)
zephyr/libzephyr.a(thread_entry.c.obj)
                              (--whole-archive)
zephyr/libzephyr.a(cbprintf_complete.c.obj)
                              (--whole-archive)
zephyr/libzephyr.a(assert.c.obj)
                              (--whole-archive)
zephyr/libzephyr.a(dec.c.obj)
                              (--whole-archive)
zephyr/libzephyr.a(hex.c.obj)
                              (--whole-archive)
zephyr/libzephyr.a(rb.c.obj)  (--whole-archive)
zephyr/libzephyr.a(timeutil.c.obj)
                              (--whole-archive)
zephyr/libzephyr.a(bitarray.c.obj)
                              (--whole-archive)
zephyr/libzephyr.a(configs.c.obj)
                              (--whole-archive)
zephyr/libzephyr.a(esp_heap_runtime.c.obj)
                              (--whole-archive)
zephyr/libzephyr.a(soc.c.obj)
                              (--whole-archive)
zephyr/libzephyr.a(esp32-mp.c.obj)
                              (--whole-archive)
zephyr/libzephyr.a(loader.c.obj)
                              (--whole-archive)
zephyr/libzephyr.a(hw_init.c.obj)
                              (--whole-archive)
zephyr/libzephyr.a(tracing_none.c.obj)
                              (--whole-archive)
zephyr/libzephyr.a(windowspill_asm.S.obj)
                              (--whole-archive)
zephyr/libzephyr.a(flash_encrypt.c.obj)
                              (--whole-archive)
zephyr/libzephyr.a(esp_gpio_reserve.c.obj)
                              (--whole-archive)
zephyr/libzephyr.a(cache_esp32.c.obj)
                              (--whole-archive)
zephyr/libzephyr.a(mmu_hal.c.obj)
                              (--whole-archive)
zephyr/libzephyr.a(spi_flash_encrypt_hal_iram.c.obj)
                              (--whole-archive)
zephyr/libzephyr.a(spi_flash_hal.c.obj)
                              (--whole-archive)
zephyr/libzephyr.a(spi_flash_hal_iram.c.obj)
                              (--whole-archive)
zephyr/libzephyr.a(cache_hal_esp32.c.obj)
                              (--whole-archive)
zephyr/libzephyr.a(esp_flash_api.c.obj)
                              (--whole-archive)
zephyr/libzephyr.a(esp_flash_spi_init.c.obj)
                              (--whole-archive)
zephyr/libzephyr.a(flash_mmap.c.obj)
                              (--whole-archive)
zephyr/libzephyr.a(flash_ops.c.obj)
                              (--whole-archive)
zephyr/libzephyr.a(memspi_host_driver.c.obj)
                              (--whole-archive)
zephyr/libzephyr.a(spi_flash_chip_boya.c.obj)
                              (--whole-archive)
zephyr/libzephyr.a(spi_flash_chip_drivers.c.obj)
                              (--whole-archive)
zephyr/libzephyr.a(spi_flash_chip_gd.c.obj)
                              (--whole-archive)
zephyr/libzephyr.a(spi_flash_chip_generic.c.obj)
                              (--whole-archive)
zephyr/libzephyr.a(spi_flash_chip_issi.c.obj)
                              (--whole-archive)
zephyr/libzephyr.a(spi_flash_chip_mxic.c.obj)
                              (--whole-archive)
zephyr/libzephyr.a(spi_flash_chip_mxic_opi.c.obj)
                              (--whole-archive)
zephyr/libzephyr.a(spi_flash_chip_th.c.obj)
                              (--whole-archive)
zephyr/libzephyr.a(spi_flash_chip_winbond.c.obj)
                              (--whole-archive)
zephyr/libzephyr.a(spi_flash_os_func_noos.c.obj)
                              (--whole-archive)
zephyr/libzephyr.a(spi_flash_os_func_app.c.obj)
                              (--whole-archive)
zephyr/libzephyr.a(uart_hal.c.obj)
                              (--whole-archive)
zephyr/libzephyr.a(uart_hal_iram.c.obj)
                              (--whole-archive)
zephyr/libzephyr.a(pcnt_hal.c.obj)
                              (--whole-archive)
zephyr/libzephyr.a(bootloader_clock_init.c.obj)
                              (--whole-archive)
zephyr/libzephyr.a(mpu_hal.c.obj)
                              (--whole-archive)
zephyr/libzephyr.a(flash_qio_mode.c.obj)
                              (--whole-archive)
zephyr/libzephyr.a(console_init.c.obj)
                              (--whole-archive)
zephyr/libzephyr.a(flash_init.c.obj)
                              (--whole-archive)
zephyr/libzephyr.a(soc_init.c.obj)
                              (--whole-archive)
zephyr/libzephyr.a(soc_init.c.obj)
                              (--whole-archive)
[...]
Memory Configuration

Name             Origin             Length             Attributes
FLASH            0x0000000000000000 0x00000000003fff00 r
iram0_0_seg      0x0000000040080000 0x0000000000038000 xr
dram0_0_seg      0x000000003ffb0000 0x0000000000030000 rw
irom0_0_seg      0x00000000400d0000 0x00000000003ff000 xr
drom0_0_seg      0x000000003f400000 0x00000000003ff000 r
rtc_iram_seg     0x00000000400c0000 0x0000000000002000 xrw
rtc_slow_seg     0x0000000050000000 0x0000000000001000 rw
IDT_LIST         0x000000003ebfe010 0x0000000000002000 rw
*default*        0x0000000000000000 0xffffffffffffffff

Linker script and memory map

                0x00000000400860b4                vfprintf = __d_vfprintf
                0x0000000000000000                vfscanf = __d_vfscanf
LOAD zephyr/CMakeFiles/zephyr_final.dir/misc/empty_file.c.obj
LOAD zephyr/CMakeFiles/zephyr_final.dir/isr_tables.c.obj
LOAD zephyr/CMakeFiles/offsets.dir/./arch/xtensa/core/offsets/offsets.c.obj
LOAD app/libapp.a
LOAD zephyr/libzephyr.a
LOAD zephyr/arch/common/libarch__common.a
LOAD zephyr/arch/arch/xtensa/core/libarch__xtensa__core.a
LOAD zephyr/lib/libc/picolibc/liblib__libc__picolibc.a
LOAD zephyr/lib/libc/common/liblib__libc__common.a
LOAD zephyr/drivers/interrupt_controller/libdrivers__interrupt_controller.a
LOAD zephyr/drivers/clock_control/libdrivers__clock_control.a
LOAD zephyr/drivers/console/libdrivers__console.a
LOAD zephyr/drivers/gpio/libdrivers__gpio.a
LOAD zephyr/drivers/pinctrl/libdrivers__pinctrl.a
LOAD zephyr/drivers/pwm/libdrivers__pwm.a
LOAD zephyr/drivers/sensor/espressif/pcnt_esp32/libdrivers__sensor__espressif__pcnt_esp32.a
LOAD zephyr/drivers/serial/libdrivers__serial.a
LOAD zephyr/drivers/timer/libdrivers__timer.a
LOAD zephyr/kernel/libkernel.a
LOAD zephyr/arch/common/libisr_tables.a
LOAD /home/elias/zephyr-sdk-0.17.0/xtensa-espressif_esp32_zephyr-elf/bin/../lib/gcc/xtensa-espressif_esp32_zephyr-elf/12.2.0/libgcc.a
LOAD /home/elias/zephyr-sdk-0.17.0/xtensa-espressif_esp32_zephyr-elf/bin/../lib/gcc/../../picolibc/xtensa-espressif_esp32_zephyr-elf/lib/libc.a
LOAD /home/elias/zephyr-sdk-0.17.0/xtensa-espressif_esp32_zephyr-elf/bin/../lib/gcc/xtensa-espressif_esp32_zephyr-elf/12.2.0/libgcc.a
                0x00000000400b8000                procpu_iram_end = 0x400b8000
                0x0000000040080000                procpu_iram_org = 0x40080000
                0x0000000000038000                procpu_iram_len = (procpu_iram_end - procpu_iram_org)
                0x000000003ffe0000                procpu_dram_end = 0x3ffe0000
                0x000000003ffb0000                procpu_dram_org = 0x3ffb0000
                0x0000000000030000                procpu_dram_len = 0x30000
                0x000000003ffe8000                user_dram_2_seg_org = 0x3ffe8000
                0x0000000000018000                user_dram_2_seg_len = 0x18000
                0x0000000000000000                _rom_store_table = 0x0
                [!provide]                        PROVIDE (_memmap_vecbase_reset = 0x40000450)
                [!provide]                        PROVIDE (_memmap_reset_vector = 0x40000400)
                0x000000003ffe0000                _heap_sentry = 0x3ffe0000

.rel.plt        0x0000000000000000        0x0
 *(SORT_BY_ALIGNMENT(.rel.plt))
                [!provide]                        PROVIDE (__rel_iplt_start = .)
 *(SORT_BY_ALIGNMENT(.rel.iplt))
                [!provide]                        PROVIDE (__rel_iplt_end = .)

.rela.plt       0x0000000000000000        0x0
 *(SORT_BY_ALIGNMENT(.rela.plt))
                [!provide]                        PROVIDE (__rela_iplt_start = .)
 *(SORT_BY_ALIGNMENT(.rela.iplt))
                [!provide]                        PROVIDE (__rela_iplt_end = .)

.rel.dyn
 *(SORT_BY_ALIGNMENT(.rel.*))

.rela.dyn
 *(SORT_BY_ALIGNMENT(.rela.*))

.rtc.text       0x00000000400c0000        0x0 load address 0x0000000000000000
                0x00000000400c0000                . = ALIGN (0x4)
 *(SORT_BY_ALIGNMENT(.rtc.literal) SORT_BY_ALIGNMENT(.rtc.text))
 *rtc_wake_stub*.o(SORT_BY_ALIGNMENT(.literal) SORT_BY_ALIGNMENT(.text) SORT_BY_ALIGNMENT(.literal.*) SORT_BY_ALIGNMENT(.text.*))

.rtc.data       0x0000000050000000        0x0 load address 0x0000000000000000
                0x0000000050000000                _rtc_data_start = ABSOLUTE (.)
 *(SORT_BY_ALIGNMENT(.rtc.data))
 *(SORT_BY_ALIGNMENT(.rtc.rodata))
 *rtc_wake_stub*.o(SORT_BY_ALIGNMENT(.data) SORT_BY_ALIGNMENT(.rodata) SORT_BY_ALIGNMENT(.data.*) SORT_BY_ALIGNMENT(.rodata.*) SORT_BY_ALIGNMENT(.bss) SORT_BY_ALIGNMENT(.bss.*))
                0x0000000050000000                _rtc_data_end = ABSOLUTE (.)

.rtc.bss        0x0000000050000000        0x0 load address 0x0000000000000000
                0x0000000050000000                _rtc_bss_start = ABSOLUTE (.)
 *rtc_wake_stub*.o(SORT_BY_ALIGNMENT(.bss) SORT_BY_ALIGNMENT(.bss.*))
 *rtc_wake_stub*.o(SORT_BY_ALIGNMENT(COMMON))
                0x0000000050000000                _rtc_bss_end = ABSOLUTE (.)

.rtc.force_slow
                0x0000000050000000        0x0 load address 0x0000000000000000
                0x0000000050000000                . = ALIGN (0x4)
                0x0000000050000000                _rtc_force_slow_start = ABSOLUTE (.)
 *(SORT_BY_ALIGNMENT(.rtc.force_slow) SORT_BY_ALIGNMENT(.rtc.force_slow.*))
                0x0000000050000000                . = ALIGN (0x4)
                0x0000000050000000                _rtc_force_slow_end = ABSOLUTE (.)
                0x0000000000000000                _rtc_slow_length = (_rtc_force_slow_end - _rtc_data_start)

.iram0.vectors  0x0000000040080000      0x400 load address 0x0000000000000000
                0x0000000040080000                _init_start = ABSOLUTE (.)
                0x0000000000000000                . = 0x0
 *(SORT_BY_ALIGNMENT(.WindowVectors.text))
 .WindowVectors.text
                0x0000000040080000      0x16a zephyr/arch/arch/xtensa/core/libarch__xtensa__core.a(window_vectors.S.obj)
                0x0000000040080000                _WindowOverflow4
                0x0000000040080040                _WindowUnderflow4
                0x0000000040080050                _xt_alloca_exc
                0x0000000040080080                _WindowOverflow8
                0x00000000400800c0                _WindowUnderflow8
                0x0000000040080100                _WindowOverflow12
                0x0000000040080140                _WindowUnderflow12
                0x0000000000000180                . = 0x180
 *fill*         0x000000004008016a       0x16 
 *(SORT_BY_ALIGNMENT(.Level2InterruptVector.text))
 .Level2InterruptVector.text
                0x0000000040080180       0x29 zephyr/arch/arch/xtensa/core/libarch__xtensa__core.a(xtensa_asm2_util.S.obj)
                0x0000000040080180                _Level2Vector
                0x00000000000001c0                . = 0x1c0
 *fill*         0x00000000400801a9       0x17 
 *(SORT_BY_ALIGNMENT(.Level3InterruptVector.text))
 .Level3InterruptVector.text
                0x00000000400801c0       0x25 zephyr/arch/arch/xtensa/core/libarch__xtensa__core.a(xtensa_asm2_util.S.obj)
                                         0x29 (size before relaxing)
                0x00000000400801c0                _Level3Vector
                0x0000000000000200                . = 0x200
 *fill*         0x00000000400801e5       0x1b 
 *(SORT_BY_ALIGNMENT(.Level4InterruptVector.text))
 .Level4InterruptVector.text
                0x0000000040080200       0x25 zephyr/arch/arch/xtensa/core/libarch__xtensa__core.a(xtensa_asm2_util.S.obj)
                                         0x29 (size before relaxing)
                0x0000000040080200                _Level4Vector
                0x0000000000000240                . = 0x240
 *fill*         0x0000000040080225       0x1b 
 *(SORT_BY_ALIGNMENT(.Level5InterruptVector.text))
 .Level5InterruptVector.text
                0x0000000040080240       0x25 zephyr/arch/arch/xtensa/core/libarch__xtensa__core.a(xtensa_asm2_util.S.obj)
                                         0x29 (size before relaxing)
                0x0000000040080240                _Level5Vector
                0x0000000000000280                . = 0x280
 *fill*         0x0000000040080265       0x1b 
 *(SORT_BY_ALIGNMENT(.DebugExceptionVector.text))
 .DebugExceptionVector.text
                0x0000000040080280       0x25 zephyr/arch/arch/xtensa/core/libarch__xtensa__core.a(xtensa_asm2_util.S.obj)
                                         0x29 (size before relaxing)
                0x0000000040080280                _Level6Vector
                0x00000000000002c0                . = 0x2c0
 *fill*         0x00000000400802a5       0x1b 
 *(SORT_BY_ALIGNMENT(.NMIExceptionVector.text))
 .NMIExceptionVector.text
                0x00000000400802c0       0x25 zephyr/arch/arch/xtensa/core/libarch__xtensa__core.a(xtensa_asm2_util.S.obj)
                                         0x29 (size before relaxing)
                0x00000000400802c0                _Level7Vector
                0x0000000000000300                . = 0x300
 *fill*         0x00000000400802e5       0x1b 
 *(SORT_BY_ALIGNMENT(.KernelExceptionVector.text))
 .KernelExceptionVector.text
                0x0000000040080300        0x3 zephyr/arch/arch/xtensa/core/libarch__xtensa__core.a(xtensa_asm2_util.S.obj)
                0x0000000040080300                _KernelExceptionVector
                0x0000000000000340                . = 0x340
 *fill*         0x0000000040080303       0x3d 
 *(SORT_BY_ALIGNMENT(.UserExceptionVector.text))
 .UserExceptionVector.text
                0x0000000040080340       0x16 zephyr/arch/arch/xtensa/core/libarch__xtensa__core.a(xtensa_asm2_util.S.obj)
                0x0000000040080340                _Level1RealVector
                0x00000000000003c0                . = 0x3c0
 *fill*         0x0000000040080356       0x6a 
 *(SORT_BY_ALIGNMENT(.DoubleExceptionVector.text))
 .DoubleExceptionVector.text
                0x00000000400803c0        0x3 zephyr/arch/arch/xtensa/core/libarch__xtensa__core.a(xtensa_asm2_util.S.obj)
                0x00000000400803c0                _DoubleExceptionVector
                0x0000000000000400                . = 0x400
 *fill*         0x00000000400803c3       0x3d 
 *(SORT_BY_ALIGNMENT(.*Vector.literal))
 *(SORT_BY_ALIGNMENT(.UserEnter.literal))
 *(SORT_BY_ALIGNMENT(.UserEnter.text))
                0x0000000040080400                . = ALIGN (0x10)
 *(SORT_BY_ALIGNMENT(.entry.text))
 *(SORT_BY_ALIGNMENT(.init.literal))
 *(.init)
                0x0000000040080400                _init_end = ABSOLUTE (.)
                0x0000000040080400                _iram_start = ABSOLUTE (.)

.iram0.text     0x0000000040080400     0x92dc load address 0x0000000000000400
                0x0000000040080400                _iram_text_start = ABSOLUTE (.)
 *(SORT_BY_ALIGNMENT(.iram1) SORT_BY_ALIGNMENT(.iram1.*))
 .iram1.6.literal
                0x0000000040080400       0x10 zephyr/libzephyr.a(soc.c.obj)
                                         0x3c (size before relaxing)
 .iram1.7.literal
                0x0000000040080410        0x4 zephyr/libzephyr.a(soc.c.obj)
                                          0x8 (size before relaxing)
 .iram1.3.literal
                0x0000000040080414        0x4 zephyr/libzephyr.a(cache_esp32.c.obj)
 .iram1.5.literal
                0x0000000040080418        0x8 zephyr/libzephyr.a(esp_flash_api.c.obj)
 .iram1.6.literal
                0x0000000040080420        0x4 zephyr/libzephyr.a(esp_flash_api.c.obj)
 .iram1.10.literal
                0x0000000040080424        0x0 zephyr/libzephyr.a(esp_flash_api.c.obj)
                                          0x8 (size before relaxing)
 .iram1.12.literal
                0x0000000040080424       0x10 zephyr/libzephyr.a(esp_flash_api.c.obj)
                                         0x18 (size before relaxing)
 .iram1.13.literal
                0x0000000040080434        0x4 zephyr/libzephyr.a(esp_flash_api.c.obj)
                                          0x8 (size before relaxing)
 .iram1.9.literal
                0x0000000040080438       0x18 zephyr/libzephyr.a(esp_flash_api.c.obj)
                                         0x50 (size before relaxing)
 .iram1.21.literal
                0x0000000040080450        0xc zephyr/libzephyr.a(esp_flash_api.c.obj)
                                         0x14 (size before relaxing)
 .iram1.1.literal
                0x000000004008045c        0x4 zephyr/libzephyr.a(flash_mmap.c.obj)
                                         0x10 (size before relaxing)
 .iram1.8.literal
                0x0000000040080460        0x4 zephyr/libzephyr.a(flash_ops.c.obj)
 .iram1.10.literal
                0x0000000040080464        0x4 zephyr/libzephyr.a(flash_ops.c.obj)
                                          0xc (size before relaxing)
 .iram1.8.literal
                0x0000000040080468        0x4 zephyr/libzephyr.a(spi_flash_os_func_noos.c.obj)
 .iram1.7.literal
                0x000000004008046c        0x4 zephyr/libzephyr.a(spi_flash_os_func_noos.c.obj)
 .iram1.6.literal
                0x0000000040080470        0x4 zephyr/libzephyr.a(spi_flash_os_func_noos.c.obj)
 .iram1.7.literal
                0x0000000040080474        0x0 zephyr/libzephyr.a(spi_flash_os_func_app.c.obj)
                                          0x8 (size before relaxing)
 .iram1.4.literal
                0x0000000040080474        0x0 zephyr/libzephyr.a(spi_flash_os_func_app.c.obj)
                                          0x4 (size before relaxing)
 .iram1.8.literal
                0x0000000040080474        0x0 zephyr/libzephyr.a(spi_flash_os_func_app.c.obj)
                                          0x4 (size before relaxing)
 .iram1.6.literal
                0x0000000040080474        0x0 zephyr/libzephyr.a(spi_flash_os_func_app.c.obj)
                                          0x4 (size before relaxing)
 .iram1.3.literal
                0x0000000040080474        0x0 zephyr/libzephyr.a(spi_flash_os_func_app.c.obj)
                                          0x4 (size before relaxing)
 .iram1.2.literal
                0x0000000040080474        0x0 zephyr/libzephyr.a(spi_flash_os_func_app.c.obj)
                                          0x4 (size before relaxing)
 .iram1.5.literal
                0x0000000040080474        0x8 zephyr/libzephyr.a(spi_flash_os_func_app.c.obj)
                                         0x10 (size before relaxing)
 .iram1.7.literal
                0x000000004008047c       0x28 zephyr/libzephyr.a(bootloader_flash.c.obj)
                                         0x2c (size before relaxing)
 .iram1.8.literal
                0x00000000400804a4        0x0 zephyr/libzephyr.a(bootloader_flash.c.obj)
                                          0x4 (size before relaxing)
 .iram1.6.literal
                0x00000000400804a4        0x0 zephyr/libzephyr.a(bootloader_flash.c.obj)
                                         0x3c (size before relaxing)
 .iram1.9.literal
                0x00000000400804a4        0x0 zephyr/libzephyr.a(bootloader_flash.c.obj)
                                          0x8 (size before relaxing)
 .iram1.10.literal
                0x00000000400804a4        0x0 zephyr/libzephyr.a(bootloader_flash.c.obj)
                                          0x4 (size before relaxing)
 .iram1.12.literal
                0x00000000400804a4        0xc zephyr/libzephyr.a(bootloader_flash.c.obj)
                                         0x48 (size before relaxing)
 .iram1.2.literal
                0x00000000400804b0        0xc zephyr/libzephyr.a(esp_clk.c.obj)
 .iram1.6.literal
                0x00000000400804bc        0xc zephyr/libzephyr.a(rtc_module.c.obj)
                                         0x10 (size before relaxing)
 .iram1.7.literal
                0x00000000400804c8        0x0 zephyr/libzephyr.a(rtc_module.c.obj)
                                          0xc (size before relaxing)
 .iram1.1.literal
                0x00000000400804c8        0x4 zephyr/libzephyr.a(esp_mmu_map.c.obj)
 .iram1.1.literal
                0x00000000400804cc        0x0 zephyr/libzephyr.a(esp_rom_sys.c.obj)
                                          0x4 (size before relaxing)
 .iram1.2.literal
                0x00000000400804cc        0xc zephyr/libzephyr.a(esp_rom_uart.c.obj)
 .iram1.3.literal
                0x00000000400804d8        0x4 zephyr/libzephyr.a(esp_rom_uart.c.obj)
                                         0x10 (size before relaxing)
 .iram1.0.literal
                0x00000000400804dc        0x0 zephyr/libzephyr.a(efuse_hal.c.obj)
                                          0x8 (size before relaxing)
 .iram1.0.literal
                0x00000000400804dc        0xc zephyr/libzephyr.a(efuse_hal.c.obj)
 .iram1.1.literal
                0x00000000400804e8        0x0 zephyr/libzephyr.a(efuse_hal.c.obj)
                                          0x4 (size before relaxing)
 .iram1.0.literal
                0x00000000400804e8        0x4 zephyr/libzephyr.a(cache_utils.c.obj)
                                         0x14 (size before relaxing)
 .iram1.1.literal
                0x00000000400804ec        0x0 zephyr/libzephyr.a(cache_utils.c.obj)
                                         0x14 (size before relaxing)
 .iram1.literal
                0x00000000400804ec        0x0 zephyr/arch/arch/xtensa/core/libarch__xtensa__core.a(debug_helpers_asm.S.obj)
                                          0x4 (size before relaxing)
 .iram1.1.literal
                0x00000000400804ec        0x0 zephyr/drivers/interrupt_controller/libdrivers__interrupt_controller.a(intc_esp32.c.obj)
                                          0x8 (size before relaxing)
 .iram1.0.literal
                0x00000000400804ec        0x4 zephyr/drivers/interrupt_controller/libdrivers__interrupt_controller.a(intc_esp32.c.obj)
                                          0x8 (size before relaxing)
 .iram1.4.literal
                0x00000000400804f0        0x4 zephyr/drivers/interrupt_controller/libdrivers__interrupt_controller.a(intc_esp32.c.obj)
                                         0x18 (size before relaxing)
 .iram1.5.literal
                0x00000000400804f4        0xc zephyr/drivers/interrupt_controller/libdrivers__interrupt_controller.a(intc_esp32.c.obj)
                                         0x20 (size before relaxing)
 .iram1.6.literal
                0x0000000040080500        0x0 zephyr/drivers/interrupt_controller/libdrivers__interrupt_controller.a(intc_esp32.c.obj)
                                         0x18 (size before relaxing)
 .iram1.1.literal
                0x0000000040080500        0x8 zephyr/drivers/gpio/libdrivers__gpio.a(gpio_esp32.c.obj)
                                         0x10 (size before relaxing)
 .iram1.0.literal
                0x0000000040080508        0x0 zephyr/drivers/pwm/libdrivers__pwm.a(pwm_mc_esp32.c.obj)
                                          0x4 (size before relaxing)
 .literal.arch_cpu_idle
                0x0000000040080508        0x0 zephyr/arch/arch/xtensa/core/libarch__xtensa__core.a(cpu_idle.c.obj)
                                          0x4 (size before relaxing)
 .literal.xtensa_fatal_error
                0x0000000040080508        0x0 zephyr/arch/arch/xtensa/core/libarch__xtensa__core.a(fatal.c.obj)
                                          0xc (size before relaxing)
 .literal       0x0000000040080508        0x4 zephyr/arch/arch/xtensa/core/libarch__xtensa__core.a(xtensa_asm2_util.S.obj)
                                          0x8 (size before relaxing)
 .literal.z_irq_spurious
                0x000000004008050c        0x0 zephyr/arch/arch/xtensa/core/libarch__xtensa__core.a(irq_manage.c.obj)
                                          0x4 (size before relaxing)
 .literal.arch_new_thread
                0x000000004008050c        0xc zephyr/arch/arch/xtensa/core/libarch__xtensa__core.a(thread.c.obj)
 .literal.return_to
                0x0000000040080518        0x0 zephyr/arch/arch/xtensa/core/libarch__xtensa__core.a(vector_handlers.c.obj)
                                          0x8 (size before relaxing)
 .literal.xtensa_is_outside_stack_bounds
                0x0000000040080518        0x4 zephyr/arch/arch/xtensa/core/libarch__xtensa__core.a(vector_handlers.c.obj)
                                          0x8 (size before relaxing)
 .literal.xtensa_is_frame_pointer_valid
                0x000000004008051c        0x0 zephyr/arch/arch/xtensa/core/libarch__xtensa__core.a(vector_handlers.c.obj)
                                          0x8 (size before relaxing)
 .literal.xtensa_dump_stack
                0x000000004008051c        0x0 zephyr/arch/arch/xtensa/core/libarch__xtensa__core.a(vector_handlers.c.obj)
                                          0x4 (size before relaxing)
 .literal.xtensa_int2_c
                0x000000004008051c        0x4 zephyr/arch/arch/xtensa/core/libarch__xtensa__core.a(vector_handlers.c.obj)
                                          0x8 (size before relaxing)
 .literal.xtensa_int3_c
                0x0000000040080520        0x4 zephyr/arch/arch/xtensa/core/libarch__xtensa__core.a(vector_handlers.c.obj)
                                          0xc (size before relaxing)
 .literal.xtensa_int4_c
                0x0000000040080524        0x0 zephyr/arch/arch/xtensa/core/libarch__xtensa__core.a(vector_handlers.c.obj)
                                          0x8 (size before relaxing)
 .literal.xtensa_int5_c
                0x0000000040080524        0x0 zephyr/arch/arch/xtensa/core/libarch__xtensa__core.a(vector_handlers.c.obj)
                                          0x8 (size before relaxing)
 .literal.xtensa_int6_c
                0x0000000040080524        0x0 zephyr/arch/arch/xtensa/core/libarch__xtensa__core.a(vector_handlers.c.obj)
                                          0x4 (size before relaxing)
 .literal.xtensa_int7_c
                0x0000000040080524        0x0 zephyr/arch/arch/xtensa/core/libarch__xtensa__core.a(vector_handlers.c.obj)
                                          0x8 (size before relaxing)
 .literal.xtensa_excint1_c
                0x0000000040080524        0x8 zephyr/arch/arch/xtensa/core/libarch__xtensa__core.a(vector_handlers.c.obj)
                                         0x28 (size before relaxing)
 .literal.z_prep_c
                0x000000004008052c        0x0 zephyr/arch/arch/xtensa/core/libarch__xtensa__core.a(prep_c.c.obj)
                                          0x8 (size before relaxing)
 .literal.xtensa_cpu_process_stack_pc
                0x000000004008052c        0xc zephyr/arch/arch/xtensa/core/libarch__xtensa__core.a(xtensa_backtrace.c.obj)
 .literal.xtensa_ptr_executable
                0x0000000040080538       0x1c zephyr/arch/arch/xtensa/core/libarch__xtensa__core.a(xtensa_backtrace.c.obj)
 .literal.xtensa_stack_ptr_is_sane
                0x0000000040080554        0x8 zephyr/arch/arch/xtensa/core/libarch__xtensa__core.a(xtensa_backtrace.c.obj)
                                          0xc (size before relaxing)
 .literal.xtensa_backtrace_get_next_frame
                0x000000004008055c        0x0 zephyr/arch/arch/xtensa/core/libarch__xtensa__core.a(xtensa_backtrace.c.obj)
                                         0x10 (size before relaxing)
 .literal.xtensa_backtrace_print
                0x000000004008055c       0x14 zephyr/arch/arch/xtensa/core/libarch__xtensa__core.a(xtensa_backtrace.c.obj)
                                         0x54 (size before relaxing)
 .literal.z_impl_z_errno
                0x0000000040080570        0x0 zephyr/kernel/libkernel.a(errno.c.obj)
                                          0x4 (size before relaxing)
 .literal.k_sys_fatal_error_handler
                0x0000000040080570        0x0 zephyr/kernel/libkernel.a(fatal.c.obj)
                                          0x4 (size before relaxing)
 .literal.z_fatal_error
                0x0000000040080570        0x0 zephyr/kernel/libkernel.a(fatal.c.obj)
                                          0xc (size before relaxing)
 .literal.z_sys_init_run_level
                0x0000000040080570        0x4 zephyr/kernel/libkernel.a(init.c.obj)
                                          0x8 (size before relaxing)
 .literal.bg_thread_main
                0x0000000040080574        0xc zephyr/kernel/libkernel.a(init.c.obj)
                                         0x3c (size before relaxing)
 .literal.z_early_memset
                0x0000000040080580        0x0 zephyr/kernel/libkernel.a(init.c.obj)
                                          0x4 (size before relaxing)
 .literal.z_bss_zero
                0x0000000040080580        0x8 zephyr/kernel/libkernel.a(init.c.obj)
                                          0xc (size before relaxing)
 .literal.z_init_cpu
                0x0000000040080588        0xc zephyr/kernel/libkernel.a(init.c.obj)
                                         0x18 (size before relaxing)
 .literal.z_cstart
                0x0000000040080594       0x10 zephyr/kernel/libkernel.a(init.c.obj)
                                         0x48 (size before relaxing)
 .literal.k_heap_init
                0x00000000400805a4        0x0 zephyr/kernel/libkernel.a(kheap.c.obj)
                                          0x4 (size before relaxing)
 .literal.statics_init
                0x00000000400805a4        0x8 zephyr/kernel/libkernel.a(kheap.c.obj)
                                          0xc (size before relaxing)
 .literal.k_heap_aligned_alloc
                0x00000000400805ac        0x0 zephyr/kernel/libkernel.a(kheap.c.obj)
                                         0x10 (size before relaxing)
 .literal.k_heap_free
                0x00000000400805ac        0x0 zephyr/kernel/libkernel.a(kheap.c.obj)
                                          0xc (size before relaxing)
 .literal.idle  0x00000000400805ac        0x0 zephyr/kernel/libkernel.a(idle.c.obj)
                                          0x4 (size before relaxing)
 .literal.z_impl_k_msgq_put
                0x00000000400805ac        0x0 zephyr/kernel/libkernel.a(msg_q.c.obj)
                                         0x20 (size before relaxing)
 .literal.z_impl_k_msgq_get
                0x00000000400805ac        0x0 zephyr/kernel/libkernel.a(msg_q.c.obj)
                                         0x20 (size before relaxing)
 .literal.adjust_owner_prio$isra$0
                0x00000000400805ac        0x0 zephyr/kernel/libkernel.a(mutex.c.obj)
                                          0x4 (size before relaxing)
 .literal.z_impl_k_mutex_lock
                0x00000000400805ac        0x4 zephyr/kernel/libkernel.a(mutex.c.obj)
                                         0x18 (size before relaxing)
 .literal.z_impl_k_mutex_unlock
                0x00000000400805b0        0x0 zephyr/kernel/libkernel.a(mutex.c.obj)
                                         0x18 (size before relaxing)
 .literal.z_impl_k_sem_give
                0x00000000400805b0        0x4 zephyr/kernel/libkernel.a(sem.c.obj)
                                         0x10 (size before relaxing)
 .literal.z_impl_k_sem_take
                0x00000000400805b4        0x0 zephyr/kernel/libkernel.a(sem.c.obj)
                                          0x8 (size before relaxing)
 .literal.z_setup_new_thread
                0x00000000400805b4        0x0 zephyr/kernel/libkernel.a(thread.c.obj)
                                          0x8 (size before relaxing)
 .literal.unpend_thread_no_timeout
                0x00000000400805b4        0x0 zephyr/kernel/libkernel.a(sched.c.obj)
                                          0x4 (size before relaxing)
 .literal.unready_thread
                0x00000000400805b4        0x4 zephyr/kernel/libkernel.a(sched.c.obj)
                                         0x10 (size before relaxing)
 .literal.z_swap
                0x00000000400805b8        0x4 zephyr/kernel/libkernel.a(sched.c.obj)
                                         0x10 (size before relaxing)
 .literal.ready_thread
                0x00000000400805bc        0x0 zephyr/kernel/libkernel.a(sched.c.obj)
                                          0xc (size before relaxing)
 .literal.z_thread_halt
                0x00000000400805bc        0x0 zephyr/kernel/libkernel.a(sched.c.obj)
                                         0x34 (size before relaxing)
 .literal.add_to_waitq_locked
                0x00000000400805bc        0x0 zephyr/kernel/libkernel.a(sched.c.obj)
                                          0x4 (size before relaxing)
 .literal.move_thread_to_end_of_prio_q
                0x00000000400805bc        0x0 zephyr/kernel/libkernel.a(sched.c.obj)
                                         0x10 (size before relaxing)
 .literal.z_ready_thread
                0x00000000400805bc        0x0 zephyr/kernel/libkernel.a(sched.c.obj)
                                          0x4 (size before relaxing)
 .literal.z_unpend_thread_no_timeout
                0x00000000400805bc        0x0 zephyr/kernel/libkernel.a(sched.c.obj)
                                          0x4 (size before relaxing)
 .literal.z_sched_wake_thread
                0x00000000400805bc        0x0 zephyr/kernel/libkernel.a(sched.c.obj)
                                          0x8 (size before relaxing)
 .literal.z_thread_timeout
                0x00000000400805bc        0x0 zephyr/kernel/libkernel.a(sched.c.obj)
                                          0x4 (size before relaxing)
 .literal.z_pend_curr
                0x00000000400805bc        0x0 zephyr/kernel/libkernel.a(sched.c.obj)
                                         0x18 (size before relaxing)
 .literal.z_unpend_thread
                0x00000000400805bc        0x0 zephyr/kernel/libkernel.a(sched.c.obj)
                                          0x8 (size before relaxing)
 .literal.z_thread_prio_set
                0x00000000400805bc        0x0 zephyr/kernel/libkernel.a(sched.c.obj)
                                         0x10 (size before relaxing)
 .literal.z_reschedule
                0x00000000400805bc        0x0 zephyr/kernel/libkernel.a(sched.c.obj)
                                          0x8 (size before relaxing)
 .literal.z_reschedule_irqlock
                0x00000000400805bc        0x0 zephyr/kernel/libkernel.a(sched.c.obj)
                                          0xc (size before relaxing)
 .literal.k_sched_lock
                0x00000000400805bc        0x0 zephyr/kernel/libkernel.a(sched.c.obj)
                                          0x4 (size before relaxing)
 .literal.k_sched_unlock
                0x00000000400805bc        0x0 zephyr/kernel/libkernel.a(sched.c.obj)
                                         0x10 (size before relaxing)
 .literal.z_swap_next_thread
                0x00000000400805bc        0x0 zephyr/kernel/libkernel.a(sched.c.obj)
                                          0x4 (size before relaxing)
 .literal.z_get_next_switch_handle
                0x00000000400805bc        0x0 zephyr/kernel/libkernel.a(sched.c.obj)
                                          0x4 (size before relaxing)
 .literal.z_unpend_all
                0x00000000400805bc        0x0 zephyr/kernel/libkernel.a(sched.c.obj)
                                          0x8 (size before relaxing)
 .literal.z_sched_init
                0x00000000400805bc        0x0 zephyr/kernel/libkernel.a(sched.c.obj)
                                          0x8 (size before relaxing)
 .literal.z_impl_k_yield
                0x00000000400805bc        0x0 zephyr/kernel/libkernel.a(sched.c.obj)
                                         0x18 (size before relaxing)
 .literal.z_tick_sleep
                0x00000000400805bc        0x0 zephyr/kernel/libkernel.a(sched.c.obj)
                                         0x24 (size before relaxing)
 .literal.z_impl_k_sleep
                0x00000000400805bc        0x0 zephyr/kernel/libkernel.a(sched.c.obj)
                                          0x8 (size before relaxing)
 .literal.z_impl_k_wakeup
                0x00000000400805bc        0x0 zephyr/kernel/libkernel.a(sched.c.obj)
                                         0x10 (size before relaxing)
 .literal.z_impl_k_sched_current_thread_query
                0x00000000400805bc        0x0 zephyr/kernel/libkernel.a(sched.c.obj)
                                          0x4 (size before relaxing)
 .literal.z_thread_abort
                0x00000000400805bc        0x0 zephyr/kernel/libkernel.a(sched.c.obj)
                                          0x8 (size before relaxing)
 .literal.z_impl_k_thread_abort
                0x00000000400805bc        0x0 zephyr/kernel/libkernel.a(sched.c.obj)
                                          0x4 (size before relaxing)
 .literal.slice_timeout
                0x00000000400805bc        0xc zephyr/kernel/libkernel.a(timeslicing.c.obj)
 .literal.thread_is_sliceable
                0x00000000400805c8        0x8 zephyr/kernel/libkernel.a(timeslicing.c.obj)
                                          0xc (size before relaxing)
 .literal.z_reset_time_slice
                0x00000000400805d0        0x4 zephyr/kernel/libkernel.a(timeslicing.c.obj)
                                         0x20 (size before relaxing)
 .literal.z_time_slice
                0x00000000400805d4        0x0 zephyr/kernel/libkernel.a(timeslicing.c.obj)
                                         0x14 (size before relaxing)
 .literal.elapsed
                0x00000000400805d4        0x4 zephyr/kernel/libkernel.a(timeout.c.obj)
                                          0x8 (size before relaxing)
 .literal.remove_timeout
                0x00000000400805d8        0x4 zephyr/kernel/libkernel.a(timeout.c.obj)
 .literal.next_timeout
                0x00000000400805dc        0x4 zephyr/kernel/libkernel.a(timeout.c.obj)
                                         0x10 (size before relaxing)
 .literal.z_add_timeout
                0x00000000400805e0        0x4 zephyr/kernel/libkernel.a(timeout.c.obj)
                                         0x18 (size before relaxing)
 .literal.z_abort_timeout
                0x00000000400805e4        0x0 zephyr/kernel/libkernel.a(timeout.c.obj)
                                          0x4 (size before relaxing)
 .literal.sys_clock_announce
                0x00000000400805e4        0x0 zephyr/kernel/libkernel.a(timeout.c.obj)
                                         0x1c (size before relaxing)
 .literal.sys_clock_tick_get
                0x00000000400805e4        0x0 zephyr/kernel/libkernel.a(timeout.c.obj)
                                          0x8 (size before relaxing)
 .literal.sys_clock_tick_get_32
                0x00000000400805e4        0x0 zephyr/kernel/libkernel.a(timeout.c.obj)
                                          0x4 (size before relaxing)
 .literal.z_impl_k_uptime_ticks
                0x00000000400805e4        0x0 zephyr/kernel/libkernel.a(timeout.c.obj)
                                          0x4 (size before relaxing)
 .literal.sys_timepoint_calc
                0x00000000400805e4        0x0 zephyr/kernel/libkernel.a(timeout.c.obj)
                                          0x4 (size before relaxing)
 .literal.sys_timepoint_timeout
                0x00000000400805e4        0x0 zephyr/kernel/libkernel.a(timeout.c.obj)
                                          0x4 (size before relaxing)
 .literal.z_timer_expiration_handler
                0x00000000400805e4        0x4 zephyr/kernel/libkernel.a(timer.c.obj)
                                         0x18 (size before relaxing)
 .literal.z_impl_k_timer_start
                0x00000000400805e8        0x0 zephyr/kernel/libkernel.a(timer.c.obj)
                                          0xc (size before relaxing)
 .literal.z_heap_aligned_alloc
                0x00000000400805e8        0x0 zephyr/kernel/libkernel.a(mempool.c.obj)
                                          0x4 (size before relaxing)
 .literal.k_free
                0x00000000400805e8        0x0 zephyr/kernel/libkernel.a(mempool.c.obj)
                                          0x4 (size before relaxing)
 .literal.k_aligned_alloc
                0x00000000400805e8        0x4 zephyr/kernel/libkernel.a(mempool.c.obj)
                                          0x8 (size before relaxing)
 .literal.k_malloc
                0x00000000400805ec        0x0 zephyr/kernel/libkernel.a(mempool.c.obj)
                                          0x4 (size before relaxing)
 .literal.k_thread_system_pool_assign
                0x00000000400805ec        0x0 zephyr/kernel/libkernel.a(mempool.c.obj)
                                          0x4 (size before relaxing)
 .literal.boot_banner
                0x00000000400805ec        0x4 zephyr/kernel/libkernel.a(banner.c.obj)
                                          0x8 (size before relaxing)
 .literal       0x00000000400805f0        0x4 zephyr/libzephyr.a(windowspill_asm.S.obj)
 .literal.char_out
                0x00000000400805f4        0x4 zephyr/libzephyr.a(printk.c.obj)
 .literal.vprintk
                0x00000000400805f8        0x4 zephyr/libzephyr.a(printk.c.obj)
                                          0xc (size before relaxing)
 .literal.printk
                0x00000000400805fc        0x0 zephyr/libzephyr.a(printk.c.obj)
                                          0x4 (size before relaxing)
 .literal.esp_log_early_timestamp
                0x00000000400805fc        0x4 zephyr/libzephyr.a(log_noos.c.obj)
 .literal.cache_ll_l1_enable_bus$part$0
                0x0000000040080600        0x4 zephyr/libzephyr.a(loader.c.obj)
 .literal.cache_ll_l1_get_bus$constprop$0
                0x0000000040080604       0x18 zephyr/libzephyr.a(loader.c.obj)
 .literal.map_rom_segments
                0x000000004008061c       0x58 zephyr/libzephyr.a(loader.c.obj)
                                         0xd8 (size before relaxing)
 .literal.__start
                0x0000000040080674       0x18 zephyr/libzephyr.a(loader.c.obj)
                                         0x48 (size before relaxing)
 .literal.get_chip_ver_pkg
                0x000000004008068c        0x0 zephyr/libzephyr.a(soc_flash_init.c.obj)
                                          0x4 (size before relaxing)
 .literal.flash_update_id
                0x000000004008068c        0x0 zephyr/libzephyr.a(soc_flash_init.c.obj)
                                          0x8 (size before relaxing)
 .literal.flash_cs_timing_config
                0x000000004008068c       0x10 zephyr/libzephyr.a(soc_flash_init.c.obj)
 .literal.flash_gpio_config
                0x000000004008069c       0x30 zephyr/libzephyr.a(soc_flash_init.c.obj)
                                         0x54 (size before relaxing)
 .literal.flash_dummy_config
                0x00000000400806cc        0x8 zephyr/libzephyr.a(soc_flash_init.c.obj)
                                         0x10 (size before relaxing)
 .literal.flash_get_wp_pin
                0x00000000400806d4        0x0 zephyr/libzephyr.a(soc_flash_init.c.obj)
                                          0x8 (size before relaxing)
 .literal.init_spi_flash
                0x00000000400806d4       0x3c zephyr/libzephyr.a(soc_flash_init.c.obj)
                                         0x84 (size before relaxing)
 .literal.esp_console_init
                0x0000000040080710        0x4 zephyr/libzephyr.a(console_init.c.obj)
                                         0x10 (size before relaxing)
 .literal.soc_random_enable
                0x0000000040080714       0x54 zephyr/libzephyr.a(soc_random.c.obj)
                                         0x58 (size before relaxing)
 .literal.soc_random_disable
                0x0000000040080768        0xc zephyr/libzephyr.a(soc_random.c.obj)
                                         0x48 (size before relaxing)
 .literal.print_banner
                0x0000000040080774       0x10 zephyr/libzephyr.a(soc_init.c.obj)
                                         0x28 (size before relaxing)
 .literal.read_bootloader_header
                0x0000000040080784        0x4 zephyr/libzephyr.a(soc_init.c.obj)
                                         0x18 (size before relaxing)
 .literal.check_bootloader_validity
                0x0000000040080788       0x18 zephyr/libzephyr.a(soc_init.c.obj)
                                         0x50 (size before relaxing)
 .literal.config_wdt
                0x00000000400807a0        0x4 zephyr/libzephyr.a(soc_init.c.obj)
                                         0x20 (size before relaxing)
 .literal.wdt_reset_info_dump
                0x00000000400807a4       0x30 zephyr/libzephyr.a(soc_init.c.obj)
                                         0x38 (size before relaxing)
 .literal.wdt_reset_cpu0_info_enable
                0x00000000400807d4        0x4 zephyr/libzephyr.a(soc_init.c.obj)
 .literal.check_wdt_reset
                0x00000000400807d8        0x8 zephyr/libzephyr.a(soc_init.c.obj)
                                         0x1c (size before relaxing)
 .literal.reset_mmu
                0x00000000400807e0        0x4 zephyr/libzephyr.a(soc_init.c.obj)
                                         0x10 (size before relaxing)
 .literal.hardware_init
                0x00000000400807e4        0xc zephyr/libzephyr.a(hw_init.c.obj)
                                         0x64 (size before relaxing)
 .literal.rtc_init
                0x00000000400807f0       0x90 zephyr/libzephyr.a(rtc_init.c.obj)
                                         0xa4 (size before relaxing)
 .literal.rtc_vddsdio_get_config
                0x0000000040080880        0x8 zephyr/libzephyr.a(rtc_init.c.obj)
                                          0xc (size before relaxing)
 .literal.rtc_vddsdio_set_config
                0x0000000040080888        0x0 zephyr/libzephyr.a(rtc_init.c.obj)
                                          0x4 (size before relaxing)
 .literal.rtc_clk_32k_enable_common
                0x0000000040080888        0xc zephyr/libzephyr.a(rtc_clk.c.obj)
 .literal.rtc_clk_cpu_freq_to_pll_mhz
                0x0000000040080894       0x18 zephyr/libzephyr.a(rtc_clk.c.obj)
                                         0x30 (size before relaxing)
 .literal.rtc_clk_bbpll_disable
                0x00000000400808ac        0x4 zephyr/libzephyr.a(rtc_clk.c.obj)
                                          0xc (size before relaxing)
 .literal.rtc_clk_32k_enable
                0x00000000400808b0        0x4 zephyr/libzephyr.a(rtc_clk.c.obj)
                                         0x10 (size before relaxing)
 .literal.rtc_clk_32k_enable_external
                0x00000000400808b4        0x0 zephyr/libzephyr.a(rtc_clk.c.obj)
                                          0x4 (size before relaxing)
 .literal.rtc_clk_8m_enable
                0x00000000400808b4        0x0 zephyr/libzephyr.a(rtc_clk.c.obj)
                                         0x10 (size before relaxing)
 .literal.rtc_clk_8m_enabled
                0x00000000400808b4        0x0 zephyr/libzephyr.a(rtc_clk.c.obj)
                                          0x4 (size before relaxing)
 .literal.rtc_clk_8md256_enabled
                0x00000000400808b4        0x0 zephyr/libzephyr.a(rtc_clk.c.obj)
                                          0x4 (size before relaxing)
 .literal.rtc_clk_slow_src_set
                0x00000000400808b4        0x0 zephyr/libzephyr.a(rtc_clk.c.obj)
                                         0x10 (size before relaxing)
 .literal.rtc_clk_slow_src_get
                0x00000000400808b4        0x0 zephyr/libzephyr.a(rtc_clk.c.obj)
                                          0x4 (size before relaxing)
 .literal.rtc_clk_fast_src_set
                0x00000000400808b4        0x0 zephyr/libzephyr.a(rtc_clk.c.obj)
                                         0x10 (size before relaxing)
 .literal.rtc_clk_fast_src_get
                0x00000000400808b4        0x0 zephyr/libzephyr.a(rtc_clk.c.obj)
                                          0x4 (size before relaxing)
 .literal.rtc_clk_xtal_freq_get
                0x00000000400808b4        0x8 zephyr/libzephyr.a(rtc_clk.c.obj)
 .literal.rtc_clk_cpu_freq_mhz_to_config
                0x00000000400808bc        0x0 zephyr/libzephyr.a(rtc_clk.c.obj)
                                          0x4 (size before relaxing)
 .literal.rtc_clk_cpu_freq_get_config
                0x00000000400808bc        0xc zephyr/libzephyr.a(rtc_clk.c.obj)
                                         0x24 (size before relaxing)
 .literal.rtc_clk_xtal_freq_update
                0x00000000400808c8        0x4 zephyr/libzephyr.a(rtc_clk.c.obj)
                                          0x8 (size before relaxing)
 .literal.rtc_clk_apb_freq_update
                0x00000000400808cc        0x0 zephyr/libzephyr.a(rtc_clk.c.obj)
                                          0x4 (size before relaxing)
 .literal.rtc_clk_cpu_freq_to_xtal
                0x00000000400808cc        0x4 zephyr/libzephyr.a(rtc_clk.c.obj)
                                         0x24 (size before relaxing)
 .literal.rtc_clk_cpu_freq_set_config
                0x00000000400808d0       0x28 zephyr/libzephyr.a(rtc_clk.c.obj)
                                         0xb8 (size before relaxing)
 .literal.rtc_clk_apb_freq_get
                0x00000000400808f8        0xc zephyr/libzephyr.a(rtc_clk.c.obj)
                                         0x14 (size before relaxing)
 .literal.rtc_clk_xtal_freq_estimate
                0x0000000040080904       0x18 zephyr/libzephyr.a(rtc_clk_init.c.obj)
                                         0x48 (size before relaxing)
 .literal.rtc_clk_init
                0x000000004008091c       0x1c zephyr/libzephyr.a(rtc_clk_init.c.obj)
                                         0x98 (size before relaxing)
 .literal.rtc_clk_cal_internal
                0x0000000040080938       0x28 zephyr/libzephyr.a(rtc_time.c.obj)
                                         0x5c (size before relaxing)
 .literal.rtc_clk_cal_ratio
                0x0000000040080960        0x0 zephyr/libzephyr.a(rtc_time.c.obj)
                                          0xc (size before relaxing)
 .literal.rtc_clk_cal
                0x0000000040080960        0x0 zephyr/libzephyr.a(rtc_time.c.obj)
                                         0x18 (size before relaxing)
 .literal.rtc_clk_wait_for_slow_cycle
                0x0000000040080960        0xc zephyr/libzephyr.a(rtc_time.c.obj)
                                         0x30 (size before relaxing)
 .literal.rtc_clk_freq_cal
                0x000000004008096c        0x0 zephyr/libzephyr.a(rtc_time.c.obj)
                                          0x4 (size before relaxing)
 .literal.ccompare_isr
                0x000000004008096c        0x8 zephyr/drivers/timer/libdrivers__timer.a(xtensa_sys_timer.c.obj)
                                          0xc (size before relaxing)
 .literal.sys_clock_set_timeout
                0x0000000040080974        0xc zephyr/drivers/timer/libdrivers__timer.a(xtensa_sys_timer.c.obj)
                                         0x14 (size before relaxing)
 .literal.sys_clock_elapsed
                0x0000000040080980        0x0 zephyr/drivers/timer/libdrivers__timer.a(xtensa_sys_timer.c.obj)
                                          0x8 (size before relaxing)
 .literal.console_out
                0x0000000040080980        0x4 zephyr/drivers/console/libdrivers__console.a(uart_console.c.obj)
 .literal.z_errno_wrap
                0x0000000040080984        0x0 zephyr/lib/libc/picolibc/liblib__libc__picolibc.a(errno_wrap.c.obj)
                                          0x4 (size before relaxing)
 .literal.z_impl_zephyr_fputc
                0x0000000040080984        0x4 zephyr/lib/libc/picolibc/liblib__libc__picolibc.a(stdio.c.obj)
 .literal.picolibc_put
                0x0000000040080988        0x0 zephyr/lib/libc/picolibc/liblib__libc__picolibc.a(stdio.c.obj)
                                          0x4 (size before relaxing)
 .literal.__stdout_hook_install
                0x0000000040080988        0x4 zephyr/lib/libc/picolibc/liblib__libc__picolibc.a(stdio.c.obj)
                                          0x8 (size before relaxing)
 .literal.atoi  0x000000004008098c        0x0 /home/elias/zephyr-sdk-0.17.0/xtensa-espressif_esp32_zephyr-elf/bin/../lib/gcc/../../picolibc/xtensa-espressif_esp32_zephyr-elf/lib/libc.a(libc_stdlib_atoi.c.o)
                                          0x4 (size before relaxing)
 .literal.strtol
                0x000000004008098c        0x0 /home/elias/zephyr-sdk-0.17.0/xtensa-espressif_esp32_zephyr-elf/bin/../lib/gcc/../../picolibc/xtensa-espressif_esp32_zephyr-elf/lib/libc.a(libc_tinystdio_strtol.c.o)
                                          0xc (size before relaxing)
 .literal.__ultoa_invert
                0x000000004008098c        0x4 /home/elias/zephyr-sdk-0.17.0/xtensa-espressif_esp32_zephyr-elf/bin/../lib/gcc/../../picolibc/xtensa-espressif_esp32_zephyr-elf/lib/libc.a(libc_tinystdio_vfprintf.c.o)
                                          0x8 (size before relaxing)
 .literal.skip_to_arg
                0x0000000040080990        0x4 /home/elias/zephyr-sdk-0.17.0/xtensa-espressif_esp32_zephyr-elf/bin/../lib/gcc/../../picolibc/xtensa-espressif_esp32_zephyr-elf/lib/libc.a(libc_tinystdio_vfprintf.c.o)
 .literal.vfprintf
                0x0000000040080994       0x20 /home/elias/zephyr-sdk-0.17.0/xtensa-espressif_esp32_zephyr-elf/bin/../lib/gcc/../../picolibc/xtensa-espressif_esp32_zephyr-elf/lib/libc.a(libc_tinystdio_vfprintf.c.o)
                                         0x3c (size before relaxing)
 .literal.mulShiftAll64
                0x00000000400809b4        0x0 /home/elias/zephyr-sdk-0.17.0/xtensa-espressif_esp32_zephyr-elf/bin/../lib/gcc/../../picolibc/xtensa-espressif_esp32_zephyr-elf/lib/libc.a(libc_tinystdio_dtoa_ryu.c.o)
                                         0x14 (size before relaxing)
 .literal.div10
                0x00000000400809b4        0x4 /home/elias/zephyr-sdk-0.17.0/xtensa-espressif_esp32_zephyr-elf/bin/../lib/gcc/../../picolibc/xtensa-espressif_esp32_zephyr-elf/lib/libc.a(libc_tinystdio_dtoa_ryu.c.o)
                                          0xc (size before relaxing)
 .literal.__dtoa_engine
                0x00000000400809b8        0x4 /home/elias/zephyr-sdk-0.17.0/xtensa-espressif_esp32_zephyr-elf/bin/../lib/gcc/../../picolibc/xtensa-espressif_esp32_zephyr-elf/lib/libc.a(libc_tinystdio_dtoa_ryu.c.o)
                                         0x64 (size before relaxing)
 .literal.__log10Pow2
                0x00000000400809bc        0x4 /home/elias/zephyr-sdk-0.17.0/xtensa-espressif_esp32_zephyr-elf/bin/../lib/gcc/../../picolibc/xtensa-espressif_esp32_zephyr-elf/lib/libc.a(libc_tinystdio_ryu_log10.c.o)
 .literal.__log10Pow5
                0x00000000400809c0        0x4 /home/elias/zephyr-sdk-0.17.0/xtensa-espressif_esp32_zephyr-elf/bin/../lib/gcc/../../picolibc/xtensa-espressif_esp32_zephyr-elf/lib/libc.a(libc_tinystdio_ryu_log10.c.o)
 .literal.__pow5bits
                0x00000000400809c4        0x4 /home/elias/zephyr-sdk-0.17.0/xtensa-espressif_esp32_zephyr-elf/bin/../lib/gcc/../../picolibc/xtensa-espressif_esp32_zephyr-elf/lib/libc.a(libc_tinystdio_ryu_pow5bits.c.o)
 .literal.__pow5Factor
                0x00000000400809c8        0x4 /home/elias/zephyr-sdk-0.17.0/xtensa-espressif_esp32_zephyr-elf/bin/../lib/gcc/../../picolibc/xtensa-espressif_esp32_zephyr-elf/lib/libc.a(libc_tinystdio_ryu_table.c.o)
                                          0xc (size before relaxing)
 .literal.__double_computePow5
                0x00000000400809cc       0x10 /home/elias/zephyr-sdk-0.17.0/xtensa-espressif_esp32_zephyr-elf/bin/../lib/gcc/../../picolibc/xtensa-espressif_esp32_zephyr-elf/lib/libc.a(libc_tinystdio_ryu_table.c.o)
                                         0x28 (size before relaxing)
 .literal.__double_computeInvPow5
                0x00000000400809dc        0x8 /home/elias/zephyr-sdk-0.17.0/xtensa-espressif_esp32_zephyr-elf/bin/../lib/gcc/../../picolibc/xtensa-espressif_esp32_zephyr-elf/lib/libc.a(libc_tinystdio_ryu_table.c.o)
                                         0x28 (size before relaxing)
 .literal.__shiftright128
                0x00000000400809e4        0x4 /home/elias/zephyr-sdk-0.17.0/xtensa-espressif_esp32_zephyr-elf/bin/../lib/gcc/../../picolibc/xtensa-espressif_esp32_zephyr-elf/lib/libc.a(libc_tinystdio_ryu_umul128.c.o)
                                          0x8 (size before relaxing)
 .literal.__dtox_engine
                0x00000000400809e8        0x4 /home/elias/zephyr-sdk-0.17.0/xtensa-espressif_esp32_zephyr-elf/bin/../lib/gcc/../../picolibc/xtensa-espressif_esp32_zephyr-elf/lib/libc.a(libc_tinystdio_dtox_engine.c.o)
                                          0xc (size before relaxing)
 .literal.mmu_hal_unmap_all
                0x00000000400809ec        0x4 zephyr/libzephyr.a(mmu_hal.c.obj)
 .literal.cache_sync
                0x00000000400809f0        0x4 zephyr/libzephyr.a(cache_esp32.c.obj)
 .literal.cache_hal_suspend
                0x00000000400809f4        0xc zephyr/libzephyr.a(cache_hal_esp32.c.obj)
                                         0x10 (size before relaxing)
 .literal.cache_hal_resume
                0x0000000040080a00        0x0 zephyr/libzephyr.a(cache_hal_esp32.c.obj)
                                          0xc (size before relaxing)
 .literal.wdt_hal_write_protect_disable
                0x0000000040080a00        0x4 zephyr/libzephyr.a(wdt_hal_iram.c.obj)
 .literal.wdt_hal_disable
                0x0000000040080a04        0x0 zephyr/libzephyr.a(wdt_hal_iram.c.obj)
                                          0x4 (size before relaxing)
 .literal.wdt_hal_set_flashboot_en
                0x0000000040080a04        0x0 zephyr/libzephyr.a(wdt_hal_iram.c.obj)
                                          0x4 (size before relaxing)
 .literal.spi_flash_ll_set_buffer_data
                0x0000000040080a04        0x0 zephyr/libzephyr.a(spi_flash_hal_iram.c.obj)
                                          0x4 (size before relaxing)
 .literal.spi_flash_ll_get_buffer_data
                0x0000000040080a04        0x0 zephyr/libzephyr.a(spi_flash_hal_iram.c.obj)
                                          0x8 (size before relaxing)
 .literal.spi_flash_hal_configure_host_io_mode
                0x0000000040080a04        0x8 zephyr/libzephyr.a(spi_flash_hal_iram.c.obj)
                                         0x28 (size before relaxing)
 .literal.spi_flash_hal_common_command
                0x0000000040080a0c        0x0 zephyr/libzephyr.a(spi_flash_hal_iram.c.obj)
                                         0x18 (size before relaxing)
 .literal.spi_flash_hal_read
                0x0000000040080a0c        0x0 zephyr/libzephyr.a(spi_flash_hal_iram.c.obj)
                                          0xc (size before relaxing)
 .literal.spi_flash_hal_erase_sector
                0x0000000040080a0c        0x0 zephyr/libzephyr.a(spi_flash_hal_iram.c.obj)
                                          0x8 (size before relaxing)
 .literal.spi_flash_hal_erase_block
                0x0000000040080a0c        0x0 zephyr/libzephyr.a(spi_flash_hal_iram.c.obj)
                                          0x8 (size before relaxing)
 .literal.spi_flash_hal_program_page
                0x0000000040080a0c        0x0 zephyr/libzephyr.a(spi_flash_hal_iram.c.obj)
                                         0x10 (size before relaxing)
 .literal.spi_flash_hal_check_status
                0x0000000040080a0c        0x4 zephyr/libzephyr.a(spi_flash_hal_iram.c.obj)
                                          0x8 (size before relaxing)
 .literal.spi_flash_hal_resume
                0x0000000040080a10        0x0 zephyr/libzephyr.a(spi_flash_hal_iram.c.obj)
                                          0x4 (size before relaxing)
 .literal.spi_flash_hal_suspend
                0x0000000040080a10        0x0 zephyr/libzephyr.a(spi_flash_hal_iram.c.obj)
                                          0x4 (size before relaxing)
 .literal.spi_flash_encryption_hal_enable
                0x0000000040080a10        0x4 zephyr/libzephyr.a(spi_flash_encrypt_hal_iram.c.obj)
 .literal.spi_flash_encryption_hal_disable
                0x0000000040080a14        0x0 zephyr/libzephyr.a(spi_flash_encrypt_hal_iram.c.obj)
                                          0x4 (size before relaxing)
 .literal.spi_flash_encryption_hal_prepare
                0x0000000040080a14        0xc zephyr/libzephyr.a(spi_flash_encrypt_hal_iram.c.obj)
 .literal.spi_flash_encryption_hal_done
                0x0000000040080a20        0x4 zephyr/libzephyr.a(spi_flash_encrypt_hal_iram.c.obj)
 .literal.spi_flash_chip_gd_detect_size
                0x0000000040080a24        0x4 zephyr/libzephyr.a(spi_flash_chip_gd.c.obj)
                                          0x8 (size before relaxing)
 .literal.spi_flash_chip_gd_get_io_mode
                0x0000000040080a28        0x0 zephyr/libzephyr.a(spi_flash_chip_gd.c.obj)
                                          0x4 (size before relaxing)
 .literal.spi_flash_chip_gd_set_io_mode
                0x0000000040080a28       0x10 zephyr/libzephyr.a(spi_flash_chip_gd.c.obj)
                                         0x14 (size before relaxing)
 .literal.spi_flash_chip_generic_detect_size
                0x0000000040080a38        0x0 zephyr/libzephyr.a(spi_flash_chip_generic.c.obj)
                                          0x8 (size before relaxing)
 .literal.spi_flash_chip_generic_reset
                0x0000000040080a38        0x0 zephyr/libzephyr.a(spi_flash_chip_generic.c.obj)
                                          0x8 (size before relaxing)
 .literal.spi_flash_chip_generic_config_host_io_mode
                0x0000000040080a38        0xc zephyr/libzephyr.a(spi_flash_chip_generic.c.obj)
                                         0x10 (size before relaxing)
 .literal.spi_flash_chip_generic_read
                0x0000000040080a44        0x8 zephyr/libzephyr.a(spi_flash_chip_generic.c.obj)
                                         0x18 (size before relaxing)
 .literal.spi_flash_chip_generic_write
                0x0000000040080a4c        0x0 zephyr/libzephyr.a(spi_flash_chip_generic.c.obj)
                                          0x8 (size before relaxing)
 .literal.spi_flash_chip_generic_get_write_protect
                0x0000000040080a4c        0x0 zephyr/libzephyr.a(spi_flash_chip_generic.c.obj)
                                          0x4 (size before relaxing)
 .literal.spi_flash_chip_generic_yield
                0x0000000040080a4c        0x0 zephyr/libzephyr.a(spi_flash_chip_generic.c.obj)
                                          0x4 (size before relaxing)
 .literal.spi_flash_chip_generic_read_unique_id
                0x0000000040080a4c        0x8 zephyr/libzephyr.a(spi_flash_chip_generic.c.obj)
                                         0x18 (size before relaxing)
 .literal.spi_flash_chip_generic_write_encrypted
                0x0000000040080a54        0x4 zephyr/libzephyr.a(spi_flash_chip_generic.c.obj)
                                          0x8 (size before relaxing)
 .literal.spi_flash_chip_generic_suspend_cmd_conf
                0x0000000040080a58        0x8 zephyr/libzephyr.a(spi_flash_chip_generic.c.obj)
                                         0x14 (size before relaxing)
 .literal.spi_flash_common_read_qe_sr$constprop$0$isra$0
                0x0000000040080a60        0x0 zephyr/libzephyr.a(spi_flash_chip_generic.c.obj)
                                          0x4 (size before relaxing)
 .literal.spi_flash_common_read_status_16b_rdsr_rdsr2
                0x0000000040080a60        0x0 zephyr/libzephyr.a(spi_flash_chip_generic.c.obj)
                                          0x8 (size before relaxing)
 .literal.spi_flash_common_write_qe_sr$isra$0
                0x0000000040080a60        0x0 zephyr/libzephyr.a(spi_flash_chip_generic.c.obj)
                                          0x4 (size before relaxing)
 .literal.spi_flash_common_write_status_16b_wrsr
                0x0000000040080a60        0x0 zephyr/libzephyr.a(spi_flash_chip_generic.c.obj)
                                          0x4 (size before relaxing)
 .literal.spi_flash_common_read_status_8b_rdsr2
                0x0000000040080a60        0x0 zephyr/libzephyr.a(spi_flash_chip_generic.c.obj)
                                          0x4 (size before relaxing)
 .literal.spi_flash_chip_generic_get_io_mode
                0x0000000040080a60        0x0 zephyr/libzephyr.a(spi_flash_chip_generic.c.obj)
                                          0x4 (size before relaxing)
 .literal.spi_flash_common_read_status_8b_rdsr
                0x0000000040080a60        0x0 zephyr/libzephyr.a(spi_flash_chip_generic.c.obj)
                                          0x4 (size before relaxing)
 .literal.spi_flash_common_write_status_8b_wrsr
                0x0000000040080a60        0x0 zephyr/libzephyr.a(spi_flash_chip_generic.c.obj)
                                          0x4 (size before relaxing)
 .literal.spi_flash_common_write_status_8b_wrsr2
                0x0000000040080a60        0x0 zephyr/libzephyr.a(spi_flash_chip_generic.c.obj)
                                          0x4 (size before relaxing)
 .literal.spi_flash_chip_generic_set_io_mode
                0x0000000040080a60        0x0 zephyr/libzephyr.a(spi_flash_chip_generic.c.obj)
                                          0xc (size before relaxing)
 .literal.spi_flash_chip_issi_set_io_mode
                0x0000000040080a60        0x8 zephyr/libzephyr.a(spi_flash_chip_issi.c.obj)
                                          0xc (size before relaxing)
 .literal.spi_flash_chip_issi_get_io_mode
                0x0000000040080a68        0x0 zephyr/libzephyr.a(spi_flash_chip_issi.c.obj)
                                          0x4 (size before relaxing)
 .literal.spi_flash_chip_mxic_detect_size
                0x0000000040080a68        0x0 zephyr/libzephyr.a(spi_flash_chip_mxic.c.obj)
                                          0x8 (size before relaxing)
 .literal.spi_flash_chip_winbond_read
                0x0000000040080a68        0x8 zephyr/libzephyr.a(spi_flash_chip_winbond.c.obj)
                                         0x18 (size before relaxing)
 .literal.spi_flash_chip_winbond_erase_block
                0x0000000040080a70        0x0 zephyr/libzephyr.a(spi_flash_chip_winbond.c.obj)
                                          0x8 (size before relaxing)
 .literal.spi_flash_chip_winbond_erase_sector
                0x0000000040080a70        0x0 zephyr/libzephyr.a(spi_flash_chip_winbond.c.obj)
                                          0x8 (size before relaxing)
 .literal.spi_flash_chip_winbond_page_program
                0x0000000040080a70        0x0 zephyr/libzephyr.a(spi_flash_chip_winbond.c.obj)
                                          0x8 (size before relaxing)
 .literal.memspi_host_read_status_hs
                0x0000000040080a70        0x0 zephyr/libzephyr.a(memspi_host_driver.c.obj)
                                          0x4 (size before relaxing)
 .literal.memspi_host_read_id_hs
                0x0000000040080a70        0xc zephyr/libzephyr.a(memspi_host_driver.c.obj)
                                         0x18 (size before relaxing)
 .literal.memspi_host_flush_cache
                0x0000000040080a7c        0x0 zephyr/libzephyr.a(memspi_host_driver.c.obj)
                                          0x8 (size before relaxing)
 .literal.memspi_host_init_pointers
                0x0000000040080a7c        0xc zephyr/libzephyr.a(memspi_host_driver.c.obj)
                                         0x14 (size before relaxing)
 .literal.esp_mspi_get_io
                0x0000000040080a88        0x4 zephyr/libzephyr.a(flash_ops.c.obj)
                                         0x10 (size before relaxing)
 .literal.esp_gpio_reserve_pins
                0x0000000040080a8c        0x4 zephyr/libzephyr.a(esp_gpio_reserve.c.obj)
 .literal.periph_ll_get_rst_en_mask
                0x0000000040080a90        0x4 zephyr/libzephyr.a(periph_ctrl.c.obj)
 .literal.periph_ll_get_rst_en_reg
                0x0000000040080a94        0x8 zephyr/libzephyr.a(periph_ctrl.c.obj)
                                          0xc (size before relaxing)
 .literal.periph_module_enable
                0x0000000040080a9c       0x10 zephyr/libzephyr.a(periph_ctrl.c.obj)
                                         0x24 (size before relaxing)
 .literal.periph_module_disable
                0x0000000040080aac        0x0 zephyr/libzephyr.a(periph_ctrl.c.obj)
                                         0x24 (size before relaxing)
 .literal.esp_rom_spiflash_read_status
                0x0000000040080aac       0x10 zephyr/libzephyr.a(esp_rom_spiflash.c.obj)
                                         0x14 (size before relaxing)
 .literal.esp_rom_spiflash_wait_idle
                0x0000000040080abc        0x8 zephyr/libzephyr.a(esp_rom_spiflash.c.obj)
                                          0xc (size before relaxing)
 .literal.esp_rom_spiflash_read
                0x0000000040080ac4       0x3c zephyr/libzephyr.a(esp_rom_spiflash.c.obj)
                                         0x58 (size before relaxing)
 .iram1.6       0x0000000040080b00       0x49 zephyr/libzephyr.a(soc.c.obj)
                                         0x69 (size before relaxing)
                0x0000000040080b00                __esp_platform_start
 *fill*         0x0000000040080b49        0x3 
 .iram1.7       0x0000000040080b4c       0x1b zephyr/libzephyr.a(soc.c.obj)
                0x0000000040080b4c                arch_printk_char_out
 *fill*         0x0000000040080b67        0x1 
 .iram1.3       0x0000000040080b68        0xe zephyr/libzephyr.a(cache_esp32.c.obj)
 *fill*         0x0000000040080b76        0x2 
 .iram1.5       0x0000000040080b78       0x1e zephyr/libzephyr.a(esp_flash_api.c.obj)
 *fill*         0x0000000040080b96        0x2 
 .iram1.6       0x0000000040080b98       0x44 zephyr/libzephyr.a(esp_flash_api.c.obj)
 .iram1.10      0x0000000040080bdc       0x54 zephyr/libzephyr.a(esp_flash_api.c.obj)
 .iram1.12      0x0000000040080c30       0x6c zephyr/libzephyr.a(esp_flash_api.c.obj)
                                         0x70 (size before relaxing)
 .iram1.13      0x0000000040080c9c       0x58 zephyr/libzephyr.a(esp_flash_api.c.obj)
                0x0000000040080c9c                esp_flash_get_physical_size
 .iram1.9       0x0000000040080cf4      0x130 zephyr/libzephyr.a(esp_flash_api.c.obj)
                                        0x13c (size before relaxing)
                0x0000000040080cf4                esp_flash_init_main
 .iram1.21      0x0000000040080e24      0x110 zephyr/libzephyr.a(esp_flash_api.c.obj)
                0x0000000040080e24                esp_flash_read
 .iram1.1       0x0000000040080f34       0x56 zephyr/libzephyr.a(flash_mmap.c.obj)
                0x0000000040080f34                spi_flash_check_and_flush_cache
 *fill*         0x0000000040080f8a        0x2 
 .iram1.8       0x0000000040080f8c        0xa zephyr/libzephyr.a(flash_ops.c.obj)
                0x0000000040080f8c                spi_flash_guard_set
 *fill*         0x0000000040080f96        0x2 
 .iram1.10      0x0000000040080f98       0x33 zephyr/libzephyr.a(flash_ops.c.obj)
                                         0x37 (size before relaxing)
                0x0000000040080f98                esp_mspi_pin_init
 *fill*         0x0000000040080fcb        0x1 
 .iram1.8       0x0000000040080fcc       0x10 zephyr/libzephyr.a(spi_flash_os_func_noos.c.obj)
 .iram1.7       0x0000000040080fdc       0x10 zephyr/libzephyr.a(spi_flash_os_func_noos.c.obj)
 .iram1.6       0x0000000040080fec       0x10 zephyr/libzephyr.a(spi_flash_os_func_noos.c.obj)
 .iram1.7       0x0000000040080ffc       0x34 zephyr/libzephyr.a(spi_flash_os_func_app.c.obj)
                                         0x38 (size before relaxing)
 .iram1.4       0x0000000040081030       0x12 zephyr/libzephyr.a(spi_flash_os_func_app.c.obj)
                                         0x15 (size before relaxing)
 *fill*         0x0000000040081042        0x2 
 .iram1.8       0x0000000040081044        0xa zephyr/libzephyr.a(spi_flash_os_func_app.c.obj)
                                          0xe (size before relaxing)
 *fill*         0x000000004008104e        0x2 
 .iram1.6       0x0000000040081050       0x10 zephyr/libzephyr.a(spi_flash_os_func_app.c.obj)
 .iram1.3       0x0000000040081060        0xa zephyr/libzephyr.a(spi_flash_os_func_app.c.obj)
                                          0xd (size before relaxing)
 *fill*         0x000000004008106a        0x2 
 .iram1.2       0x000000004008106c        0xa zephyr/libzephyr.a(spi_flash_os_func_app.c.obj)
                                          0xd (size before relaxing)
 *fill*         0x0000000040081076        0x2 
 .iram1.5       0x0000000040081078       0x27 zephyr/libzephyr.a(spi_flash_os_func_app.c.obj)
                                         0x2b (size before relaxing)
 *fill*         0x000000004008109f        0x1 
 .iram1.7       0x00000000400810a0      0x1c2 zephyr/libzephyr.a(bootloader_flash.c.obj)
                                        0x1c6 (size before relaxing)
                0x00000000400810a0                bootloader_flash_execute_command_common
 *fill*         0x0000000040081262        0x2 
 .iram1.8       0x0000000040081264       0x20 zephyr/libzephyr.a(bootloader_flash.c.obj)
                0x0000000040081264                bootloader_execute_flash_command
 .iram1.6       0x0000000040081284      0x122 zephyr/libzephyr.a(bootloader_flash.c.obj)
                                        0x146 (size before relaxing)
                0x0000000040081284                bootloader_flash_unlock
 *fill*         0x00000000400813a6        0x2 
 .iram1.9       0x00000000400813a8       0x26 zephyr/libzephyr.a(bootloader_flash.c.obj)
                                         0x2a (size before relaxing)
                0x00000000400813a8                bootloader_flash_read_sfdp
 *fill*         0x00000000400813ce        0x2 
 .iram1.10      0x00000000400813d0       0x30 zephyr/libzephyr.a(bootloader_flash.c.obj)
                                         0x34 (size before relaxing)
                0x00000000400813d0                bootloader_read_flash_id
 .iram1.12      0x0000000040081400       0x9a zephyr/libzephyr.a(bootloader_flash.c.obj)
                                         0xb6 (size before relaxing)
                0x0000000040081400                bootloader_flash_xmc_startup
 *fill*         0x000000004008149a        0x2 
 .iram1.2       0x000000004008149c       0x16 zephyr/libzephyr.a(esp_clk.c.obj)
                0x000000004008149c                esp_clk_apb_freq
 *fill*         0x00000000400814b2        0x2 
 .iram1.6       0x00000000400814b4       0x32 zephyr/libzephyr.a(rtc_module.c.obj)
                0x00000000400814b4                rtc_isr_noniram_disable
 *fill*         0x00000000400814e6        0x2 
 .iram1.7       0x00000000400814e8       0x1e zephyr/libzephyr.a(rtc_module.c.obj)
                0x00000000400814e8                rtc_isr_noniram_enable
 *fill*         0x0000000040081506        0x2 
 .iram1.1       0x0000000040081508       0x58 zephyr/libzephyr.a(esp_mmu_map.c.obj)
                0x0000000040081508                esp_mmu_paddr_find_caps
 .iram1.1       0x0000000040081560        0xa zephyr/libzephyr.a(esp_rom_sys.c.obj)
                0x0000000040081560                esp_rom_set_cpu_ticks_per_us
 *fill*         0x000000004008156a        0x2 
 .iram1.2       0x000000004008156c       0x52 zephyr/libzephyr.a(esp_rom_uart.c.obj)
                0x000000004008156c                esp_rom_uart_tx_wait_idle
 *fill*         0x00000000400815be        0x2 
 .iram1.3       0x00000000400815c0       0x50 zephyr/libzephyr.a(esp_rom_uart.c.obj)
                0x00000000400815c0                esp_rom_uart_set_clock_baudrate
 .iram1.0       0x0000000040081610       0x18 zephyr/libzephyr.a(efuse_hal.c.obj)
                                         0x1c (size before relaxing)
                0x0000000040081610                efuse_hal_chip_revision
 .iram1.0       0x0000000040081628       0x3e zephyr/libzephyr.a(efuse_hal.c.obj)
                0x0000000040081628                efuse_hal_get_major_chip_version
 *fill*         0x0000000040081666        0x2 
 .iram1.1       0x0000000040081668       0x10 zephyr/libzephyr.a(efuse_hal.c.obj)
                0x0000000040081668                efuse_hal_get_minor_chip_version
 .iram1.0       0x0000000040081678       0x22 zephyr/libzephyr.a(cache_utils.c.obj)
                                         0x2e (size before relaxing)
                0x0000000040081678                spi_flash_disable_interrupts_caches_and_other_cpu
 *fill*         0x000000004008169a        0x2 
 .iram1.1       0x000000004008169c       0x23 zephyr/libzephyr.a(cache_utils.c.obj)
                                         0x2f (size before relaxing)
                0x000000004008169c                spi_flash_enable_interrupts_caches_and_other_cpu
 *fill*         0x00000000400816bf        0x1 
 .iram1         0x00000000400816c0       0x1a zephyr/arch/arch/xtensa/core/libarch__xtensa__core.a(debug_helpers_asm.S.obj)
                0x00000000400816c0                xtensa_backtrace_get_start
 *fill*         0x00000000400816da        0x2 
 .iram1.1       0x00000000400816dc       0x33 zephyr/drivers/interrupt_controller/libdrivers__interrupt_controller.a(intc_esp32.c.obj)
                                         0x3a (size before relaxing)
 *fill*         0x000000004008170f        0x1 
 .iram1.0       0x0000000040081710       0x16 zephyr/drivers/interrupt_controller/libdrivers__interrupt_controller.a(intc_esp32.c.obj)
                0x0000000040081710                default_intr_handler
 *fill*         0x0000000040081726        0x2 
 .iram1.4       0x0000000040081728       0xae zephyr/drivers/interrupt_controller/libdrivers__interrupt_controller.a(intc_esp32.c.obj)
                                         0xb2 (size before relaxing)
                0x0000000040081728                esp_intr_disable
 *fill*         0x00000000400817d6        0x2 
 .iram1.5       0x00000000400817d8       0x4e zephyr/drivers/interrupt_controller/libdrivers__interrupt_controller.a(intc_esp32.c.obj)
                                         0x5a (size before relaxing)
                0x00000000400817d8                esp_intr_noniram_disable
 *fill*         0x0000000040081826        0x2 
 .iram1.6       0x0000000040081828       0x3c zephyr/drivers/interrupt_controller/libdrivers__interrupt_controller.a(intc_esp32.c.obj)
                                         0x48 (size before relaxing)
                0x0000000040081828                esp_intr_noniram_enable
 .iram1.1       0x0000000040081864       0x11 zephyr/drivers/gpio/libdrivers__gpio.a(gpio_esp32.c.obj)
                                         0x17 (size before relaxing)
 *fill*         0x0000000040081875        0x3 
 .iram1.0       0x0000000040081878      0x10c zephyr/drivers/pwm/libdrivers__pwm.a(pwm_mc_esp32.c.obj)
 *fill*         0x0000000040081984        0x0 
 *fill*         0x0000000040081984        0x0 
 *fill*         0x0000000040081984        0x0 
 .iram1.3       0x0000000040081984       0x27 zephyr/libzephyr.a(esp_flash_api.c.obj)
 *fill*         0x00000000400819ab        0x1 
 .iram1.4       0x00000000400819ac       0x1f zephyr/libzephyr.a(esp_flash_api.c.obj)
 *fill*         0x00000000400819cb        0x0 
 *fill*         0x00000000400819cb        0x0 
 *fill*         0x00000000400819cb        0x0 
 *fill*         0x00000000400819cb        0x0 
 *fill*         0x00000000400819cb        0x1 
 .iram1.9       0x00000000400819cc        0x7 zephyr/libzephyr.a(spi_flash_os_func_app.c.obj)
 *fill*         0x00000000400819d3        0x0 
 *fill*         0x00000000400819d3        0x0 
 *fill*         0x00000000400819d3        0x0 
 *fill*         0x00000000400819d3        0x0 
 *fill*         0x00000000400819d3        0x0 
 *fill*         0x00000000400819d3        0x1 
 .iram1.11      0x00000000400819d4       0x46 zephyr/libzephyr.a(bootloader_flash.c.obj)
 *fill*         0x0000000040081a1a        0x0 
 *fill*         0x0000000040081a1a        0x0 
 *fill*         0x0000000040081a1a        0x0 
 *fill*         0x0000000040081a1a        0x0 
 *fill*         0x0000000040081a1a        0x0 
 *fill*         0x0000000040081a1a        0x0 
 *fill*         0x0000000040081a1a        0x0 
 *fill*         0x0000000040081a1a        0x0 
 *fill*         0x0000000040081a1a        0x0 
 *fill*         0x0000000040081a1a        0x0 
 *fill*         0x0000000040081a1a        0x0 
 *fill*         0x0000000040081a1a        0x0 
 *fill*         0x0000000040081a1a        0x0 
 *fill*         0x0000000040081a1a        0x0 
 *fill*         0x0000000040081a1a        0x0 
 *fill*         0x0000000040081a1a        0x0 
 *fill*         0x0000000040081a1a        0x0 
 *fill*         0x0000000040081a1a        0x2 
 .iram1.0       0x0000000040081a1c       0xae zephyr/drivers/gpio/libdrivers__gpio.a(gpio_esp32.c.obj)
 *fill*         0x0000000040081aca        0x0 
 *fill*         0x0000000040081aca        0x2 
 .iram1.0       0x0000000040081acc       0x9f zephyr/drivers/sensor/espressif/pcnt_esp32/libdrivers__sensor__espressif__pcnt_esp32.a(pcnt_esp32.c.obj)
 *(SORT_BY_ALIGNMENT(.iram0.literal) SORT_BY_ALIGNMENT(.iram.literal) SORT_BY_ALIGNMENT(.iram.text.literal) SORT_BY_ALIGNMENT(.iram0.text) SORT_BY_ALIGNMENT(.iram.text))
 *fill*         0x0000000040081b6b        0x1 
 .iram0.text    0x0000000040081b6c       0x2d zephyr/arch/arch/xtensa/core/libarch__xtensa__core.a(xtensa_asm2_util.S.obj)
                0x0000000040081b6c                _Level1Vector
 *fill*         0x0000000040081b99        0x0 
 *libarch__xtensa__core.a:(SORT_BY_ALIGNMENT(.literal) SORT_BY_ALIGNMENT(.text) SORT_BY_ALIGNMENT(.literal.*) SORT_BY_ALIGNMENT(.text.*))
 *fill*         0x0000000040081b99        0x3 
 .text.arch_cpu_idle
                0x0000000040081b9c        0xb zephyr/arch/arch/xtensa/core/libarch__xtensa__core.a(cpu_idle.c.obj)
                                          0xe (size before relaxing)
                0x0000000040081b9c                arch_cpu_idle
 *fill*         0x0000000040081ba7        0x1 
 .text.xtensa_fatal_error
                0x0000000040081ba8       0x26 zephyr/arch/arch/xtensa/core/libarch__xtensa__core.a(fatal.c.obj)
                                         0x2e (size before relaxing)
                0x0000000040081ba8                xtensa_fatal_error
 *fill*         0x0000000040081bce        0x2 
 .text          0x0000000040081bd0      0x21c zephyr/arch/arch/xtensa/core/libarch__xtensa__core.a(xtensa_asm2_util.S.obj)
                0x0000000040081bd0                xtensa_spill_reg_windows
                0x0000000040081bf0                xtensa_save_high_regs
                0x0000000040081c38                xtensa_restore_high_regs
                0x0000000040081c6d                _restore_context
                0x0000000040081ca4                xtensa_arch_except
                0x0000000040081ca7                xtensa_arch_except_epc
                0x0000000040081cac                xtensa_arch_kernel_oops
                0x0000000040081caf                xtensa_arch_kernel_oops_epc
                0x0000000040081cb4                xtensa_switch
 .text.z_irq_spurious
                0x0000000040081dec       0x12 zephyr/arch/arch/xtensa/core/libarch__xtensa__core.a(irq_manage.c.obj)
                                         0x16 (size before relaxing)
                0x0000000040081dec                z_irq_spurious
 *fill*         0x0000000040081dfe        0x2 
 .text.arch_new_thread
                0x0000000040081e00       0x38 zephyr/arch/arch/xtensa/core/libarch__xtensa__core.a(thread.c.obj)
                0x0000000040081e00                arch_new_thread
 .text.return_to
                0x0000000040081e38       0x14 zephyr/arch/arch/xtensa/core/libarch__xtensa__core.a(vector_handlers.c.obj)
                                         0x18 (size before relaxing)
 .text.xtensa_is_outside_stack_bounds
                0x0000000040081e4c       0x3d zephyr/arch/arch/xtensa/core/libarch__xtensa__core.a(vector_handlers.c.obj)
                0x0000000040081e4c                xtensa_is_outside_stack_bounds
 *fill*         0x0000000040081e89        0x3 
 .text.xtensa_is_frame_pointer_valid
                0x0000000040081e8c       0x28 zephyr/arch/arch/xtensa/core/libarch__xtensa__core.a(vector_handlers.c.obj)
                                         0x2c (size before relaxing)
                0x0000000040081e8c                xtensa_is_frame_pointer_valid
 .text.xtensa_dump_stack
                0x0000000040081eb4        0xa zephyr/arch/arch/xtensa/core/libarch__xtensa__core.a(vector_handlers.c.obj)
                                          0xe (size before relaxing)
                0x0000000040081eb4                xtensa_dump_stack
 *fill*         0x0000000040081ebe        0x2 
 .text.xtensa_int2_c
                0x0000000040081ec0       0x5a zephyr/arch/arch/xtensa/core/libarch__xtensa__core.a(vector_handlers.c.obj)
                0x0000000040081ec0                xtensa_int2_c
 *fill*         0x0000000040081f1a        0x2 
 .text.xtensa_int3_c
                0x0000000040081f1c       0x82 zephyr/arch/arch/xtensa/core/libarch__xtensa__core.a(vector_handlers.c.obj)
                0x0000000040081f1c                xtensa_int3_c
 *fill*         0x0000000040081f9e        0x2 
 .text.xtensa_int4_c
                0x0000000040081fa0       0x6a zephyr/arch/arch/xtensa/core/libarch__xtensa__core.a(vector_handlers.c.obj)
                0x0000000040081fa0                xtensa_int4_c
 *fill*         0x000000004008200a        0x2 
 .text.xtensa_int5_c
                0x000000004008200c       0x5e zephyr/arch/arch/xtensa/core/libarch__xtensa__core.a(vector_handlers.c.obj)
                0x000000004008200c                xtensa_int5_c
 *fill*         0x000000004008206a        0x2 
 .text.xtensa_int6_c
                0x000000004008206c       0x15 zephyr/arch/arch/xtensa/core/libarch__xtensa__core.a(vector_handlers.c.obj)
                0x000000004008206c                xtensa_int6_c
 *fill*         0x0000000040082081        0x3 
 .text.xtensa_int7_c
                0x0000000040082084       0x36 zephyr/arch/arch/xtensa/core/libarch__xtensa__core.a(vector_handlers.c.obj)
                0x0000000040082084                xtensa_int7_c
 *fill*         0x00000000400820ba        0x2 
 .text.xtensa_excint1_c
                0x00000000400820bc      0x1be zephyr/arch/arch/xtensa/core/libarch__xtensa__core.a(vector_handlers.c.obj)
                                        0x1c6 (size before relaxing)
                0x00000000400820bc                xtensa_excint1_c
 *fill*         0x000000004008227a        0x2 
 .text.z_prep_c
                0x000000004008227c       0x10 zephyr/arch/arch/xtensa/core/libarch__xtensa__core.a(prep_c.c.obj)
                                         0x14 (size before relaxing)
                0x000000004008227c                z_prep_c
 .text.xtensa_cpu_process_stack_pc
                0x000000004008228c       0x2b zephyr/arch/arch/xtensa/core/libarch__xtensa__core.a(xtensa_backtrace.c.obj)
 *fill*         0x00000000400822b7        0x1 
 .text.xtensa_ptr_executable
                0x00000000400822b8       0x41 zephyr/arch/arch/xtensa/core/libarch__xtensa__core.a(xtensa_backtrace.c.obj)
 *fill*         0x00000000400822f9        0x3 
 .text.xtensa_stack_ptr_is_sane
                0x00000000400822fc       0x2c zephyr/arch/arch/xtensa/core/libarch__xtensa__core.a(xtensa_backtrace.c.obj)
 .text.xtensa_backtrace_get_next_frame
                0x0000000040082328       0x3e zephyr/arch/arch/xtensa/core/libarch__xtensa__core.a(xtensa_backtrace.c.obj)
                                         0x4a (size before relaxing)
                0x0000000040082328                xtensa_backtrace_get_next_frame
 *fill*         0x0000000040082366        0x2 
 .text.xtensa_backtrace_print
                0x0000000040082368       0xdf zephyr/arch/arch/xtensa/core/libarch__xtensa__core.a(xtensa_backtrace.c.obj)
                                        0x103 (size before relaxing)
                0x0000000040082368                xtensa_backtrace_print
 *fill*         0x0000000040082447        0x0 
 *fill*         0x0000000040082447        0x0 
 *fill*         0x0000000040082447        0x0 
 *fill*         0x0000000040082447        0x0 
 *fill*         0x0000000040082447        0x0 
 *fill*         0x0000000040082447        0x0 
 *fill*         0x0000000040082447        0x0 
 *fill*         0x0000000040082447        0x0 
 *fill*         0x0000000040082447        0x0 
 *fill*         0x0000000040082447        0x0 
 *fill*         0x0000000040082447        0x0 
 *fill*         0x0000000040082447        0x0 
 *fill*         0x0000000040082447        0x0 
 *fill*         0x0000000040082447        0x0 
 *fill*         0x0000000040082447        0x0 
 *fill*         0x0000000040082447        0x0 
 *libkernel.a:(SORT_BY_ALIGNMENT(.literal) SORT_BY_ALIGNMENT(.text) SORT_BY_ALIGNMENT(.literal.*) SORT_BY_ALIGNMENT(.text.*))
 *fill*         0x0000000040082447        0x1 
 .text.z_impl_z_errno
                0x0000000040082448        0xd zephyr/kernel/libkernel.a(errno.c.obj)
                0x0000000040082448                z_impl_z_errno
 *fill*         0x0000000040082455        0x3 
 .text.k_sys_fatal_error_handler
                0x0000000040082458        0x8 zephyr/kernel/libkernel.a(fatal.c.obj)
                                          0xc (size before relaxing)
                0x0000000040082458                k_sys_fatal_error_handler
 .text.z_fatal_error
                0x0000000040082460       0x22 zephyr/kernel/libkernel.a(fatal.c.obj)
                                         0x26 (size before relaxing)
                0x0000000040082460                z_fatal_error
 *fill*         0x0000000040082482        0x2 
 .text.z_sys_init_run_level
                0x0000000040082484       0x30 zephyr/kernel/libkernel.a(init.c.obj)
 .text.bg_thread_main
                0x00000000400824b4       0x9e zephyr/kernel/libkernel.a(init.c.obj)
                                         0xb6 (size before relaxing)
 *fill*         0x0000000040082552        0x2 
 .text.z_early_memset
                0x0000000040082554       0x12 zephyr/kernel/libkernel.a(init.c.obj)
                0x0000000040082554                z_early_memset
 *fill*         0x0000000040082566        0x2 
 .text.z_bss_zero
                0x0000000040082568       0x13 zephyr/kernel/libkernel.a(init.c.obj)
                                         0x16 (size before relaxing)
                0x0000000040082568                z_bss_zero
 *fill*         0x000000004008257b        0x1 
 .text.z_init_cpu
                0x000000004008257c       0x5b zephyr/kernel/libkernel.a(init.c.obj)
                0x000000004008257c                z_init_cpu
 *fill*         0x00000000400825d7        0x1 
 .text.z_cstart
                0x00000000400825d8       0x97 zephyr/kernel/libkernel.a(init.c.obj)
                                         0xbb (size before relaxing)
                0x00000000400825d8                z_cstart
 *fill*         0x000000004008266f        0x1 
 .text.k_heap_init
                0x0000000040082670       0x17 zephyr/kernel/libkernel.a(kheap.c.obj)
                0x0000000040082670                k_heap_init
 *fill*         0x0000000040082687        0x1 
 .text.statics_init
                0x0000000040082688       0x22 zephyr/kernel/libkernel.a(kheap.c.obj)
 *fill*         0x00000000400826aa        0x2 
 .text.k_heap_aligned_alloc
                0x00000000400826ac       0x5a zephyr/kernel/libkernel.a(kheap.c.obj)
                                         0x62 (size before relaxing)
                0x00000000400826ac                k_heap_aligned_alloc
 *fill*         0x0000000040082706        0x2 
 .text.k_heap_free
                0x0000000040082708       0x28 zephyr/kernel/libkernel.a(kheap.c.obj)
                                         0x30 (size before relaxing)
                0x0000000040082708                k_heap_free
 .text.idle     0x0000000040082730        0xc zephyr/kernel/libkernel.a(idle.c.obj)
                                          0xf (size before relaxing)
                0x0000000040082730                idle
 *fill*         0x000000004008273c        0x0 
 .text.z_impl_k_msgq_put
                0x000000004008273c       0x9a zephyr/kernel/libkernel.a(msg_q.c.obj)
                                         0xa2 (size before relaxing)
                0x000000004008273c                z_impl_k_msgq_put
 *fill*         0x00000000400827d6        0x2 
 .text.z_impl_k_msgq_get
                0x00000000400827d8       0xb4 zephyr/kernel/libkernel.a(msg_q.c.obj)
                                         0xbc (size before relaxing)
                0x00000000400827d8                z_impl_k_msgq_get
 .text.adjust_owner_prio$isra$0
                0x000000004008288c       0x1c zephyr/kernel/libkernel.a(mutex.c.obj)
 .text.z_impl_k_mutex_lock
                0x00000000400828a8       0xc7 zephyr/kernel/libkernel.a(mutex.c.obj)
                                         0xcf (size before relaxing)
                0x00000000400828a8                z_impl_k_mutex_lock
 *fill*         0x000000004008296f        0x1 
 .text.z_impl_k_mutex_unlock
                0x0000000040082970       0x88 zephyr/kernel/libkernel.a(mutex.c.obj)
                                         0x98 (size before relaxing)
                0x0000000040082970                z_impl_k_mutex_unlock
 .text.z_impl_k_sem_give
                0x00000000400829f8       0x5e zephyr/kernel/libkernel.a(sem.c.obj)
                                         0x66 (size before relaxing)
                0x00000000400829f8                z_impl_k_sem_give
 *fill*         0x0000000040082a56        0x2 
 .text.z_impl_k_sem_take
                0x0000000040082a58       0x3a zephyr/kernel/libkernel.a(sem.c.obj)
                                         0x3d (size before relaxing)
                0x0000000040082a58                z_impl_k_sem_take
 *fill*         0x0000000040082a92        0x2 
 .text.z_setup_new_thread
                0x0000000040082a94       0x5d zephyr/kernel/libkernel.a(thread.c.obj)
                0x0000000040082a94                z_setup_new_thread
 *fill*         0x0000000040082af1        0x3 
 .text.unpend_thread_no_timeout
                0x0000000040082af4       0x19 zephyr/kernel/libkernel.a(sched.c.obj)
                                         0x1d (size before relaxing)
 *fill*         0x0000000040082b0d        0x3 
 .text.unready_thread
                0x0000000040082b10       0x5e zephyr/kernel/libkernel.a(sched.c.obj)
                                         0x62 (size before relaxing)
 *fill*         0x0000000040082b6e        0x2 
 .text.z_swap   0x0000000040082b70       0x3a zephyr/kernel/libkernel.a(sched.c.obj)
                                         0x3e (size before relaxing)
 *fill*         0x0000000040082baa        0x2 
 .text.ready_thread
                0x0000000040082bac       0xa4 zephyr/kernel/libkernel.a(sched.c.obj)
 .text.z_thread_halt
                0x0000000040082c50      0x110 zephyr/kernel/libkernel.a(sched.c.obj)
                                        0x128 (size before relaxing)
 .text.add_to_waitq_locked
                0x0000000040082d60       0x58 zephyr/kernel/libkernel.a(sched.c.obj)
                                         0x5c (size before relaxing)
 .text.move_thread_to_end_of_prio_q
                0x0000000040082db8       0xa2 zephyr/kernel/libkernel.a(sched.c.obj)
                                         0xaa (size before relaxing)
                0x0000000040082db8                move_thread_to_end_of_prio_q
 *fill*         0x0000000040082e5a        0x2 
 .text.z_ready_thread
                0x0000000040082e5c       0x13 zephyr/kernel/libkernel.a(sched.c.obj)
                                         0x16 (size before relaxing)
                0x0000000040082e5c                z_ready_thread
 *fill*         0x0000000040082e6f        0x1 
 .text.z_unpend_thread_no_timeout
                0x0000000040082e70       0x18 zephyr/kernel/libkernel.a(sched.c.obj)
                                         0x1c (size before relaxing)
                0x0000000040082e70                z_unpend_thread_no_timeout
 .text.z_sched_wake_thread
                0x0000000040082e88       0x30 zephyr/kernel/libkernel.a(sched.c.obj)
                                         0x38 (size before relaxing)
                0x0000000040082e88                z_sched_wake_thread
 .text.z_thread_timeout
                0x0000000040082eb8        0xd zephyr/kernel/libkernel.a(sched.c.obj)
                                         0x10 (size before relaxing)
                0x0000000040082eb8                z_thread_timeout
 *fill*         0x0000000040082ec5        0x3 
 .text.z_pend_curr
                0x0000000040082ec8       0x34 zephyr/kernel/libkernel.a(sched.c.obj)
                                         0x3c (size before relaxing)
                0x0000000040082ec8                z_pend_curr
 .text.z_unpend_thread
                0x0000000040082efc       0x10 zephyr/kernel/libkernel.a(sched.c.obj)
                                         0x17 (size before relaxing)
                0x0000000040082efc                z_unpend_thread
 *fill*         0x0000000040082f0c        0x0 
 .text.z_thread_prio_set
                0x0000000040082f0c       0xa9 zephyr/kernel/libkernel.a(sched.c.obj)
                                         0xad (size before relaxing)
                0x0000000040082f0c                z_thread_prio_set
 *fill*         0x0000000040082fb5        0x3 
 .text.z_reschedule
                0x0000000040082fb8       0x2c zephyr/kernel/libkernel.a(sched.c.obj)
                                         0x30 (size before relaxing)
                0x0000000040082fb8                z_reschedule
 .text.z_reschedule_irqlock
                0x0000000040082fe4       0x40 zephyr/kernel/libkernel.a(sched.c.obj)
                                         0x44 (size before relaxing)
                0x0000000040082fe4                z_reschedule_irqlock
 .text.k_sched_lock
                0x0000000040083024       0x1b zephyr/kernel/libkernel.a(sched.c.obj)
                0x0000000040083024                k_sched_lock
 *fill*         0x000000004008303f        0x1 
 .text.k_sched_unlock
                0x0000000040083040       0x5e zephyr/kernel/libkernel.a(sched.c.obj)
                                         0x61 (size before relaxing)
                0x0000000040083040                k_sched_unlock